Archive member included to satisfy reference by file (symbol)

c:/chibistudio/tools/gnu tools arm embedded/7.0 2017q4/bin/../lib/gcc/arm-none-eabi/7.2.1/../../../../arm-none-eabi/lib/thumb/v7e-m\libg.a(lib_a-reent.o)
                              ./build/obj/syscalls_cpp.o (symbol from plugin) (errno)
c:/chibistudio/tools/gnu tools arm embedded/7.0 2017q4/bin/../lib/gcc/arm-none-eabi/7.2.1/../../../../arm-none-eabi/lib/thumb/v7e-m\libg.a(lib_a-freer.o)
                              c:/chibistudio/tools/gnu tools arm embedded/7.0 2017q4/bin/../lib/gcc/arm-none-eabi/7.2.1/../../../../arm-none-eabi/lib/thumb/v7e-m\libg.a(lib_a-reent.o) (_free_r)
c:/chibistudio/tools/gnu tools arm embedded/7.0 2017q4/bin/../lib/gcc/arm-none-eabi/7.2.1/../../../../arm-none-eabi/lib/thumb/v7e-m\libg.a(lib_a-impure.o)
                              c:/chibistudio/tools/gnu tools arm embedded/7.0 2017q4/bin/../lib/gcc/arm-none-eabi/7.2.1/../../../../arm-none-eabi/lib/thumb/v7e-m\libg.a(lib_a-reent.o) (_impure_ptr)
c:/chibistudio/tools/gnu tools arm embedded/7.0 2017q4/bin/../lib/gcc/arm-none-eabi/7.2.1/../../../../arm-none-eabi/lib/thumb/v7e-m\libg.a(lib_a-mallocr.o)
                              c:/chibistudio/tools/gnu tools arm embedded/7.0 2017q4/bin/../lib/gcc/arm-none-eabi/7.2.1/../../../../arm-none-eabi/lib/thumb/v7e-m\libg.a(lib_a-freer.o) (__malloc_current_mallinfo)
c:/chibistudio/tools/gnu tools arm embedded/7.0 2017q4/bin/../lib/gcc/arm-none-eabi/7.2.1/../../../../arm-none-eabi/lib/thumb/v7e-m\libg.a(lib_a-mlock.o)
                              c:/chibistudio/tools/gnu tools arm embedded/7.0 2017q4/bin/../lib/gcc/arm-none-eabi/7.2.1/../../../../arm-none-eabi/lib/thumb/v7e-m\libg.a(lib_a-freer.o) (__malloc_lock)
c:/chibistudio/tools/gnu tools arm embedded/7.0 2017q4/bin/../lib/gcc/arm-none-eabi/7.2.1/../../../../arm-none-eabi/lib/thumb/v7e-m\libg.a(lib_a-sbrkr.o)
                              c:/chibistudio/tools/gnu tools arm embedded/7.0 2017q4/bin/../lib/gcc/arm-none-eabi/7.2.1/../../../../arm-none-eabi/lib/thumb/v7e-m\libg.a(lib_a-freer.o) (_sbrk_r)
c:/chibistudio/tools/gnu tools arm embedded/7.0 2017q4/bin/../lib/gcc/arm-none-eabi/7.2.1/../../../../arm-none-eabi/lib/thumb/v7e-m\libg.a(lib_a-lock.o)
                              c:/chibistudio/tools/gnu tools arm embedded/7.0 2017q4/bin/../lib/gcc/arm-none-eabi/7.2.1/../../../../arm-none-eabi/lib/thumb/v7e-m\libg.a(lib_a-mlock.o) (__retarget_lock_acquire_recursive)
c:/chibistudio/tools/gnu tools arm embedded/7.0 2017q4/bin/../lib/gcc/arm-none-eabi/7.2.1/thumb/v7e-m\libgcc.a(_arm_addsubdf3.o)
                              C:\Users\Luczia\AppData\Local\Temp\ccR5fkkO.ltrans1.ltrans.o (__aeabi_dsub)
c:/chibistudio/tools/gnu tools arm embedded/7.0 2017q4/bin/../lib/gcc/arm-none-eabi/7.2.1/thumb/v7e-m\libgcc.a(_arm_muldivdf3.o)
                              C:\Users\Luczia\AppData\Local\Temp\ccR5fkkO.ltrans1.ltrans.o (__aeabi_dmul)
c:/chibistudio/tools/gnu tools arm embedded/7.0 2017q4/bin/../lib/gcc/arm-none-eabi/7.2.1/thumb/v7e-m\libgcc.a(_arm_cmpdf2.o)
                              C:\Users\Luczia\AppData\Local\Temp\ccR5fkkO.ltrans1.ltrans.o (__aeabi_dcmplt)
c:/chibistudio/tools/gnu tools arm embedded/7.0 2017q4/bin/../lib/gcc/arm-none-eabi/7.2.1/thumb/v7e-m\libgcc.a(_arm_truncdfsf2.o)
                              C:\Users\Luczia\AppData\Local\Temp\ccR5fkkO.ltrans1.ltrans.o (__aeabi_d2f)
c:/chibistudio/tools/gnu tools arm embedded/7.0 2017q4/bin/../lib/gcc/arm-none-eabi/7.2.1/thumb/v7e-m\libgcc.a(_arm_addsubsf3.o)
                              C:\Users\Luczia\AppData\Local\Temp\ccR5fkkO.ltrans1.ltrans.o (__aeabi_fsub)
c:/chibistudio/tools/gnu tools arm embedded/7.0 2017q4/bin/../lib/gcc/arm-none-eabi/7.2.1/thumb/v7e-m\libgcc.a(_arm_muldivsf3.o)
                              C:\Users\Luczia\AppData\Local\Temp\ccR5fkkO.ltrans1.ltrans.o (__aeabi_fmul)
c:/chibistudio/tools/gnu tools arm embedded/7.0 2017q4/bin/../lib/gcc/arm-none-eabi/7.2.1/thumb/v7e-m\libgcc.a(_arm_cmpsf2.o)
                              C:\Users\Luczia\AppData\Local\Temp\ccR5fkkO.ltrans1.ltrans.o (__aeabi_fcmplt)
c:/chibistudio/tools/gnu tools arm embedded/7.0 2017q4/bin/../lib/gcc/arm-none-eabi/7.2.1/thumb/v7e-m\libgcc.a(_aeabi_uldivmod.o)
                              C:\Users\Luczia\AppData\Local\Temp\ccR5fkkO.ltrans0.ltrans.o (__aeabi_uldivmod)
c:/chibistudio/tools/gnu tools arm embedded/7.0 2017q4/bin/../lib/gcc/arm-none-eabi/7.2.1/thumb/v7e-m\libgcc.a(_udivmoddi4.o)
                              c:/chibistudio/tools/gnu tools arm embedded/7.0 2017q4/bin/../lib/gcc/arm-none-eabi/7.2.1/thumb/v7e-m\libgcc.a(_aeabi_uldivmod.o) (__udivmoddi4)
c:/chibistudio/tools/gnu tools arm embedded/7.0 2017q4/bin/../lib/gcc/arm-none-eabi/7.2.1/thumb/v7e-m\libgcc.a(_dvmd_tls.o)
                              c:/chibistudio/tools/gnu tools arm embedded/7.0 2017q4/bin/../lib/gcc/arm-none-eabi/7.2.1/thumb/v7e-m\libgcc.a(_aeabi_uldivmod.o) (__aeabi_ldiv0)
[...]
Memory Configuration

Name             Origin             Length             Attributes
flash0           0x08000000         0x00100000
flash1           0x00000000         0x00000000
flash2           0x00000000         0x00000000
flash3           0x00000000         0x00000000
flash4           0x00000000         0x00000000
flash5           0x00000000         0x00000000
flash6           0x00000000         0x00000000
flash7           0x00000000         0x00000000
ram0             0x20000000         0x00020000
ram1             0x20000000         0x0001c000
ram2             0x2001c000         0x00004000
ram3             0x00000000         0x00000000
ram4             0x10000000         0x00010000
ram5             0x40024000         0x00001000
ram6             0x00000000         0x00000000
ram7             0x00000000         0x00000000
*default*        0x00000000         0xffffffff

Linker script and memory map

LOAD ./build/obj/crt0_v7m.o
LOAD ./build/obj/vectors.o
LOAD ./build/obj/chcoreasm_v7m.o
LOAD C:\Users\Luczia\AppData\Local\Temp\ccR5fkkO.ltrans0.ltrans.o
LOAD C:\Users\Luczia\AppData\Local\Temp\ccR5fkkO.ltrans1.ltrans.o

.mstack         0x20000000      0x400
                0x20000000                . = ALIGN (0x8)
                0x20000000                __main_stack_base__ = .
                0x20000400                . = (. + __main_stack_size__)
 *fill*         0x20000000      0x400 
                0x20000400                . = ALIGN (0x8)
                0x20000400                __main_stack_end__ = .

.pstack         0x20000400      0x400
                0x20000400                . = ALIGN (0x8)
                0x20000400                __process_stack_base__ = .
                0x20000400                __main_thread_stack_base__ = .
                0x20000800                . = (. + __process_stack_size__)
 *fill*         0x20000400      0x400 
                0x20000800                . = ALIGN (0x8)
                0x20000800                __process_stack_end__ = .
                0x20000800                __main_thread_stack_end__ = .

.vectors        0x08000000      0x1e0
 *(.vectors)
 .vectors       0x08000000      0x1e0 ./build/obj/vectors.o
                0x08000000                _vectors

.xtors          0x080001e0        0x4
                0x080001e0                __init_array_start = .
 *(SORT_BY_NAME(.init_array.*))
 *(.init_array)
 .init_array    0x080001e0        0x4 C:\Users\Luczia\AppData\Local\Temp\ccR5fkkO.ltrans0.ltrans.o
                0x080001e4                __init_array_end = .
                0x080001e4                __fini_array_start = .
 *(.fini_array)
 *(SORT_BY_NAME(.fini_array.*))
                0x080001e4                __fini_array_end = .

.text           0x080001f0     0x832c
                0x080001f0                __text_base = .
 *(.text)
 .text          0x080001f0       0xd8 ./build/obj/crt0_v7m.o
                0x080001f0                _crt0_entry
 .text          0x080002c8        0x8 ./build/obj/vectors.o
                0x080002c8                Reset_Handler
                0x080002ca                VectorE8
                0x080002ca                Vector9C
                0x080002ca                DebugMon_Handler
                0x080002ca                Vector1A0
                0x080002ca                Vector5C
                0x080002ca                Vector11C
                0x080002ca                HardFault_Handler
                0x080002ca                Vector1B8
                0x080002ca                Vector19C
                0x080002ca                Vector8C
                0x080002ca                SysTick_Handler
                0x080002ca                VectorDC
                0x080002ca                PendSV_Handler
                0x080002ca                Vector168
                0x080002ca                NMI_Handler
                0x080002ca                Vector110
                0x080002ca                Vector1D8
                0x080002ca                VectorC8
                0x080002ca                Vector94
                0x080002ca                VectorA8
                0x080002ca                VectorB4
                0x080002ca                Vector160
                0x080002ca                Vector1B0
                0x080002ca                UsageFault_Handler
                0x080002ca                VectorEC
                0x080002ca                Vector40
                0x080002ca                VectorF8
                0x080002ca                Vector108
                0x080002ca                VectorBC
                0x080002ca                Vector190
                0x080002ca                Vector1C4
                0x080002ca                Vector1CC
                0x080002ca                Vector148
                0x080002ca                Vector188
                0x080002ca                Vector198
                0x080002ca                Vector118
                0x080002ca                Vector64
                0x080002ca                Vector58
                0x080002ca                VectorCC
                0x080002ca                Vector54
                0x080002ca                Vector98
                0x080002ca                Vector138
                0x080002ca                Vector24
                0x080002ca                Vector1AC
                0x080002ca                Vector178
                0x080002ca                Vector1A4
                0x080002ca                VectorD0
                0x080002ca                Vector1B4
                0x080002ca                Vector140
                0x080002ca                VectorE4
                0x080002ca                VectorC0
                0x080002ca                Vector1C0
                0x080002ca                Vector134
                0x080002ca                Vector1D0
                0x080002ca                VectorF0
                0x080002ca                Vector13C
                0x080002ca                Vector100
                0x080002ca                VectorE0
                0x080002ca                VectorF4
                0x080002ca                MemManage_Handler
                0x080002ca                VectorA0
                0x080002ca                VectorC4
                0x080002ca                Vector180
                0x080002ca                Vector90
                0x080002ca                Vector114
                0x080002ca                Vector164
                0x080002ca                Vector60
                0x080002ca                Vector1C
                0x080002ca                Vector1BC
                0x080002ca                Vector1D4
                0x080002ca                Vector17C
                0x080002ca                Vector48
                0x080002ca                Vector1A8
                0x080002ca                Vector16C
                0x080002ca                VectorD4
                0x080002ca                Vector4C
                0x080002ca                Vector144
                0x080002ca                Vector15C
                0x080002ca                Vector68
                0x080002ca                Vector20
                0x080002ca                Vector170
                0x080002ca                Vector88
                0x080002ca                Vector104
                0x080002ca                Vector184
                0x080002ca                Vector10C
                0x080002ca                BusFault_Handler
                0x080002ca                Vector50
                0x080002ca                Vector1C8
                0x080002ca                Vector194
                0x080002ca                Vector1DC
                0x080002ca                Vector44
                0x080002ca                Vector28
                0x080002ca                VectorB8
                0x080002ca                Vector34
                0x080002ca                Vector18C
                0x080002ce                _unhandled_exception
 .text          0x080002d0       0x34 ./build/obj/chcoreasm_v7m.o
                0x080002d0                _port_switch
                0x080002e0                _port_thread_start
                0x080002f4                _port_switch_from_isr
                0x08000300                _port_exit_from_isr
 .text          0x08000304      0x134 c:/chibistudio/tools/gnu tools arm embedded/7.0 2017q4/bin/../lib/gcc/arm-none-eabi/7.2.1/../../../../arm-none-eabi/lib/thumb/v7e-m\libg.a(lib_a-memcpy.o)
                0x08000304                memcpy
 .text          0x08000438       0x30 c:/chibistudio/tools/gnu tools arm embedded/7.0 2017q4/bin/../lib/gcc/arm-none-eabi/7.2.1/thumb/v7e-m\libgcc.a(_aeabi_uldivmod.o)
                0x08000438                __aeabi_uldivmod
 .text          0x08000468      0x2cc c:/chibistudio/tools/gnu tools arm embedded/7.0 2017q4/bin/../lib/gcc/arm-none-eabi/7.2.1/thumb/v7e-m\libgcc.a(_udivmoddi4.o)
                0x08000468                __udivmoddi4
 .text          0x08000734        0x4 c:/chibistudio/tools/gnu tools arm embedded/7.0 2017q4/bin/../lib/gcc/arm-none-eabi/7.2.1/thumb/v7e-m\libgcc.a(_dvmd_tls.o)
                0x08000734                __aeabi_idiv0
                0x08000734                __aeabi_ldiv0
 *(.text.*)
 *fill*         0x08000738        0x8 
 .text.test32   0x08000740        0xc C:\Users\Luczia\AppData\Local\Temp\ccR5fkkO.ltrans0.ltrans.o
 *fill*         0x0800074c        0x4 
 .text.port_lock
                0x08000750       0x10 C:\Users\Luczia\AppData\Local\Temp\ccR5fkkO.ltrans0.ltrans.o
 .text.port_unlock
                0x08000760       0x10 C:\Users\Luczia\AppData\Local\Temp\ccR5fkkO.ltrans0.ltrans.o
 .text.port_lock_from_isr
                0x08000770        0x8 C:\Users\Luczia\AppData\Local\Temp\ccR5fkkO.ltrans0.ltrans.o
 *fill*         0x08000778        0x8 
 .text.port_unlock_from_isr
                0x08000780        0x8 C:\Users\Luczia\AppData\Local\Temp\ccR5fkkO.ltrans0.ltrans.o
 *fill*         0x08000788        0x8 
 .text.chSysLockFromISR
                0x08000790        0xc C:\Users\Luczia\AppData\Local\Temp\ccR5fkkO.ltrans0.ltrans.o
 *fill*         0x0800079c        0x4 
 .text.chSysUnlockFromISR
                0x080007a0        0xc C:\Users\Luczia\AppData\Local\Temp\ccR5fkkO.ltrans0.ltrans.o
 *fill*         0x080007ac        0x4 
 .text.osalSysLockFromISR
                0x080007b0        0x8 C:\Users\Luczia\AppData\Local\Temp\ccR5fkkO.ltrans0.ltrans.o
 *fill*         0x080007b8        0x8 
 .text.osalSysUnlockFromISR
                0x080007c0        0x8 C:\Users\Luczia\AppData\Local\Temp\ccR5fkkO.ltrans0.ltrans.o
 *fill*         0x080007c8        0x8 
 .text.get_descriptor
                0x080007d0       0x5c C:\Users\Luczia\AppData\Local\Temp\ccR5fkkO.ltrans0.ltrans.o
 *fill*         0x0800082c        0x4 
 .text.usb_event
                0x08000830       0x6c C:\Users\Luczia\AppData\Local\Temp\ccR5fkkO.ltrans0.ltrans.o
 *fill*         0x0800089c        0x4 
 .text.sof_handler
                0x080008a0       0x20 C:\Users\Luczia\AppData\Local\Temp\ccR5fkkO.ltrans0.ltrans.o
 .text.init_usb_cdc
                0x080008c0       0x58 C:\Users\Luczia\AppData\Local\Temp\ccR5fkkO.ltrans0.ltrans.o
 *fill*         0x08000918        0x8 
 .text._ZN8IcHausMuC2Eh
                0x08000920       0x98 C:\Users\Luczia\AppData\Local\Temp\ccR5fkkO.ltrans0.ltrans.o
 *fill*         0x080009b8        0x8 
 .text._ZL18chRegSetThreadNamePKc
                0x080009c0       0x14 C:\Users\Luczia\AppData\Local\Temp\ccR5fkkO.ltrans0.ltrans.o
 *fill*         0x080009d4        0xc 
 .text._ZN10chibios_rt6System4initEv
                0x080009e0        0x8 C:\Users\Luczia\AppData\Local\Temp\ccR5fkkO.ltrans0.ltrans.o
 *fill*         0x080009e8        0x8 
 .text._ZN10chibios_rt10BaseThread5sleepEm
                0x080009f0       0x14 C:\Users\Luczia\AppData\Local\Temp\ccR5fkkO.ltrans0.ltrans.o
 *fill*         0x08000a04        0xc 
 .text._ZL7Thread2Pv
                0x08000a10       0x1c C:\Users\Luczia\AppData\Local\Temp\ccR5fkkO.ltrans0.ltrans.o
 *fill*         0x08000a2c        0x4 
 .text._ZL7Thread1Pv
                0x08000a30      0x178 C:\Users\Luczia\AppData\Local\Temp\ccR5fkkO.ltrans0.ltrans.o
 *fill*         0x08000ba8        0x8 
 .text._ZL7Thread3Pv
                0x08000bb0       0x38 C:\Users\Luczia\AppData\Local\Temp\ccR5fkkO.ltrans0.ltrans.o
 *fill*         0x08000be8        0x8 
 .text.main     0x08000bf0       0xd4 C:\Users\Luczia\AppData\Local\Temp\ccR5fkkO.ltrans0.ltrans.o
                0x08000bf0                main
 *fill*         0x08000cc4        0xc 
 .text._Z41__static_initialization_and_destruction_0ii
                0x08000cd0       0x2c C:\Users\Luczia\AppData\Local\Temp\ccR5fkkO.ltrans0.ltrans.o
 *fill*         0x08000cfc        0x4 
 .text._GLOBAL__sub_I_encoder
                0x08000d00       0x10 C:\Users\Luczia\AppData\Local\Temp\ccR5fkkO.ltrans0.ltrans.o
 .text.__core_init
                0x08000d10        0x4 C:\Users\Luczia\AppData\Local\Temp\ccR5fkkO.ltrans1.ltrans.o
                0x08000d10                __core_init
 *fill*         0x08000d14        0xc 
 .text.__late_init
                0x08000d20        0x4 C:\Users\Luczia\AppData\Local\Temp\ccR5fkkO.ltrans1.ltrans.o
                0x08000d20                __late_init
 *fill*         0x08000d24        0xc 
 .text.__default_exit
                0x08000d30        0x4 C:\Users\Luczia\AppData\Local\Temp\ccR5fkkO.ltrans1.ltrans.o
                0x08000d30                __default_exit
 *fill*         0x08000d34        0xc 
 .text.__init_ram_areas
                0x08000d40       0x64 C:\Users\Luczia\AppData\Local\Temp\ccR5fkkO.ltrans1.ltrans.o
                0x08000d40                __init_ram_areas
 *fill*         0x08000da4        0xc 
 .text.osalInit
                0x08000db0        0x4 C:\Users\Luczia\AppData\Local\Temp\ccR5fkkO.ltrans1.ltrans.o
 *fill*         0x08000db4        0xc 
 .text.halInit  0x08000dc0       0x2c C:\Users\Luczia\AppData\Local\Temp\ccR5fkkO.ltrans1.ltrans.o
                0x08000dc0                halInit
 *fill*         0x08000dec        0x4 
 .text.st_lld_start_alarm
                0x08000df0       0x20 C:\Users\Luczia\AppData\Local\Temp\ccR5fkkO.ltrans1.ltrans.o
 .text.st_lld_stop_alarm
                0x08000e10        0xc C:\Users\Luczia\AppData\Local\Temp\ccR5fkkO.ltrans1.ltrans.o
 *fill*         0x08000e1c        0x4 
 .text.st_lld_set_alarm
                0x08000e20       0x10 C:\Users\Luczia\AppData\Local\Temp\ccR5fkkO.ltrans1.ltrans.o
 .text.st_lld_is_alarm_active
                0x08000e30       0x18 C:\Users\Luczia\AppData\Local\Temp\ccR5fkkO.ltrans1.ltrans.o
 *fill*         0x08000e48        0x8 
 .text.stInit   0x08000e50        0x8 C:\Users\Luczia\AppData\Local\Temp\ccR5fkkO.ltrans1.ltrans.o
 *fill*         0x08000e58        0x8 
 .text.stStartAlarm
                0x08000e60       0x28 C:\Users\Luczia\AppData\Local\Temp\ccR5fkkO.ltrans1.ltrans.o
 *fill*         0x08000e88        0x8 
 .text.stStopAlarm
                0x08000e90        0x8 C:\Users\Luczia\AppData\Local\Temp\ccR5fkkO.ltrans1.ltrans.o
 *fill*         0x08000e98        0x8 
 .text.stSetAlarm
                0x08000ea0       0x2c C:\Users\Luczia\AppData\Local\Temp\ccR5fkkO.ltrans1.ltrans.o
 *fill*         0x08000ecc        0x4 
 .text.port_lock.lto_priv.286
                0x08000ed0       0x10 C:\Users\Luczia\AppData\Local\Temp\ccR5fkkO.ltrans1.ltrans.o
 .text.port_unlock.lto_priv.245
                0x08000ee0       0x10 C:\Users\Luczia\AppData\Local\Temp\ccR5fkkO.ltrans1.ltrans.o
 .text.queue_init.lto_priv.590
                0x08000ef0       0x14 C:\Users\Luczia\AppData\Local\Temp\ccR5fkkO.ltrans1.ltrans.o
 *fill*         0x08000f04        0xc 
 .text.chSysLock.lto_priv.400
                0x08000f10        0xc C:\Users\Luczia\AppData\Local\Temp\ccR5fkkO.ltrans1.ltrans.o
 *fill*         0x08000f1c        0x4 
 .text.chSysUnlock.lto_priv.367
                0x08000f20       0x34 C:\Users\Luczia\AppData\Local\Temp\ccR5fkkO.ltrans1.ltrans.o
 *fill*         0x08000f54        0xc 
 .text.chThdQueueObjectInit.lto_priv.587
                0x08000f60       0x14 C:\Users\Luczia\AppData\Local\Temp\ccR5fkkO.ltrans1.ltrans.o
 *fill*         0x08000f74        0xc 
 .text.osalSysLock.lto_priv.483
                0x08000f80        0x8 C:\Users\Luczia\AppData\Local\Temp\ccR5fkkO.ltrans1.ltrans.o
 *fill*         0x08000f88        0x8 
 .text.osalSysUnlock.lto_priv.472
                0x08000f90        0x8 C:\Users\Luczia\AppData\Local\Temp\ccR5fkkO.ltrans1.ltrans.o
 *fill*         0x08000f98        0x8 
 .text.osalThreadQueueObjectInit.lto_priv.744
                0x08000fa0       0x14 C:\Users\Luczia\AppData\Local\Temp\ccR5fkkO.ltrans1.ltrans.o
 *fill*         0x08000fb4        0xc 
 .text.osalThreadEnqueueTimeoutS.lto_priv.742
                0x08000fc0       0x1c C:\Users\Luczia\AppData\Local\Temp\ccR5fkkO.ltrans1.ltrans.o
 *fill*         0x08000fdc        0x4 
 .text.osalThreadDequeueNextI.lto_priv.740
                0x08000fe0       0x18 C:\Users\Luczia\AppData\Local\Temp\ccR5fkkO.ltrans1.ltrans.o
 *fill*         0x08000ff8        0x8 
 .text.osalThreadDequeueAllI.lto_priv.726
                0x08001000       0x18 C:\Users\Luczia\AppData\Local\Temp\ccR5fkkO.ltrans1.ltrans.o
 *fill*         0x08001018        0x8 
 .text.ibqObjectInit
                0x08001020       0x94 C:\Users\Luczia\AppData\Local\Temp\ccR5fkkO.ltrans1.ltrans.o
 *fill*         0x080010b4        0xc 
 .text.ibqResetI
                0x080010c0       0x40 C:\Users\Luczia\AppData\Local\Temp\ccR5fkkO.ltrans1.ltrans.o
 .text.ibqGetEmptyBufferI
                0x08001100       0x40 C:\Users\Luczia\AppData\Local\Temp\ccR5fkkO.ltrans1.ltrans.o
 .text.ibqPostFullBufferI
                0x08001140       0x98 C:\Users\Luczia\AppData\Local\Temp\ccR5fkkO.ltrans1.ltrans.o
 *fill*         0x080011d8        0x8 
 .text.ibqGetFullBufferTimeoutS
                0x080011e0       0x70 C:\Users\Luczia\AppData\Local\Temp\ccR5fkkO.ltrans1.ltrans.o
 .text.ibqReleaseEmptyBufferS
                0x08001250       0x64 C:\Users\Luczia\AppData\Local\Temp\ccR5fkkO.ltrans1.ltrans.o
 *fill*         0x080012b4        0xc 
 .text.ibqGetTimeout
                0x080012c0       0x60 C:\Users\Luczia\AppData\Local\Temp\ccR5fkkO.ltrans1.ltrans.o
 .text.ibqReadTimeout
                0x08001320       0xf0 C:\Users\Luczia\AppData\Local\Temp\ccR5fkkO.ltrans1.ltrans.o
 .text.obqObjectInit
                0x08001410       0x94 C:\Users\Luczia\AppData\Local\Temp\ccR5fkkO.ltrans1.ltrans.o
 *fill*         0x080014a4        0xc 
 .text.obqResetI
                0x080014b0       0x40 C:\Users\Luczia\AppData\Local\Temp\ccR5fkkO.ltrans1.ltrans.o
 .text.obqGetFullBufferI
                0x080014f0       0x4c C:\Users\Luczia\AppData\Local\Temp\ccR5fkkO.ltrans1.ltrans.o
 *fill*         0x0800153c        0x4 
 .text.obqReleaseEmptyBufferI
                0x08001540       0x74 C:\Users\Luczia\AppData\Local\Temp\ccR5fkkO.ltrans1.ltrans.o
 *fill*         0x080015b4        0xc 
 .text.obqGetEmptyBufferTimeoutS
                0x080015c0       0x70 C:\Users\Luczia\AppData\Local\Temp\ccR5fkkO.ltrans1.ltrans.o
 .text.obqPostFullBufferS
                0x08001630       0x88 C:\Users\Luczia\AppData\Local\Temp\ccR5fkkO.ltrans1.ltrans.o
 *fill*         0x080016b8        0x8 
 .text.obqPutTimeout
                0x080016c0       0x70 C:\Users\Luczia\AppData\Local\Temp\ccR5fkkO.ltrans1.ltrans.o
 .text.obqWriteTimeout
                0x08001730       0xf8 C:\Users\Luczia\AppData\Local\Temp\ccR5fkkO.ltrans1.ltrans.o
 *fill*         0x08001828        0x8 
 .text.obqTryFlushI
                0x08001830       0x94 C:\Users\Luczia\AppData\Local\Temp\ccR5fkkO.ltrans1.ltrans.o
 *fill*         0x080018c4        0xc 
 .text.port_lock.lto_priv.287
                0x080018d0       0x10 C:\Users\Luczia\AppData\Local\Temp\ccR5fkkO.ltrans1.ltrans.o
 .text.port_unlock.lto_priv.246
                0x080018e0       0x10 C:\Users\Luczia\AppData\Local\Temp\ccR5fkkO.ltrans1.ltrans.o
 .text.queue_init.lto_priv.591
                0x080018f0       0x14 C:\Users\Luczia\AppData\Local\Temp\ccR5fkkO.ltrans1.ltrans.o
 *fill*         0x08001904        0xc 
 .text.chSysLock.lto_priv.401
                0x08001910        0xc C:\Users\Luczia\AppData\Local\Temp\ccR5fkkO.ltrans1.ltrans.o
 *fill*         0x0800191c        0x4 
 .text.chSysUnlock.lto_priv.368
                0x08001920       0x34 C:\Users\Luczia\AppData\Local\Temp\ccR5fkkO.ltrans1.ltrans.o
 *fill*         0x08001954        0xc 
 .text.chThdQueueObjectInit.lto_priv.588
                0x08001960       0x14 C:\Users\Luczia\AppData\Local\Temp\ccR5fkkO.ltrans1.ltrans.o
 *fill*         0x08001974        0xc 
 .text.osalSysLock.lto_priv.484
                0x08001980        0x8 C:\Users\Luczia\AppData\Local\Temp\ccR5fkkO.ltrans1.ltrans.o
 *fill*         0x08001988        0x8 
 .text.osalSysUnlock.lto_priv.473
                0x08001990        0x8 C:\Users\Luczia\AppData\Local\Temp\ccR5fkkO.ltrans1.ltrans.o
 *fill*         0x08001998        0x8 
 .text.osalThreadQueueObjectInit.lto_priv.745
                0x080019a0       0x14 C:\Users\Luczia\AppData\Local\Temp\ccR5fkkO.ltrans1.ltrans.o
 *fill*         0x080019b4        0xc 
 .text.osalThreadEnqueueTimeoutS.lto_priv.743
                0x080019c0       0x1c C:\Users\Luczia\AppData\Local\Temp\ccR5fkkO.ltrans1.ltrans.o
 *fill*         0x080019dc        0x4 
 .text.osalThreadDequeueNextI.lto_priv.741
                0x080019e0       0x18 C:\Users\Luczia\AppData\Local\Temp\ccR5fkkO.ltrans1.ltrans.o
 *fill*         0x080019f8        0x8 
 .text.iq_read  0x08001a00       0xcc C:\Users\Luczia\AppData\Local\Temp\ccR5fkkO.ltrans1.ltrans.o
 *fill*         0x08001acc        0x4 
 .text.oq_write
                0x08001ad0       0xcc C:\Users\Luczia\AppData\Local\Temp\ccR5fkkO.ltrans1.ltrans.o
 *fill*         0x08001b9c        0x4 
 .text.iqObjectInit
                0x08001ba0       0x48 C:\Users\Luczia\AppData\Local\Temp\ccR5fkkO.ltrans1.ltrans.o
 *fill*         0x08001be8        0x8 
 .text.iqPutI   0x08001bf0       0x84 C:\Users\Luczia\AppData\Local\Temp\ccR5fkkO.ltrans1.ltrans.o
 *fill*         0x08001c74        0xc 
 .text.iqGetTimeout
                0x08001c80       0x80 C:\Users\Luczia\AppData\Local\Temp\ccR5fkkO.ltrans1.ltrans.o
 .text.iqReadTimeout
                0x08001d00       0x90 C:\Users\Luczia\AppData\Local\Temp\ccR5fkkO.ltrans1.ltrans.o
 .text.oqObjectInit
                0x08001d90       0x48 C:\Users\Luczia\AppData\Local\Temp\ccR5fkkO.ltrans1.ltrans.o
 *fill*         0x08001dd8        0x8 
 .text.oqPutTimeout
                0x08001de0       0x84 C:\Users\Luczia\AppData\Local\Temp\ccR5fkkO.ltrans1.ltrans.o
                0x08001de0                oqPutTimeout
 *fill*         0x08001e64        0xc 
 .text.oqGetI   0x08001e70       0x80 C:\Users\Luczia\AppData\Local\Temp\ccR5fkkO.ltrans1.ltrans.o
 .text.oqWriteTimeout
                0x08001ef0       0x90 C:\Users\Luczia\AppData\Local\Temp\ccR5fkkO.ltrans1.ltrans.o
 .text.pwmInit  0x08001f80        0x8 C:\Users\Luczia\AppData\Local\Temp\ccR5fkkO.ltrans1.ltrans.o
 *fill*         0x08001f88        0x8 
 .text.pwmObjectInit
                0x08001f90       0x20 C:\Users\Luczia\AppData\Local\Temp\ccR5fkkO.ltrans1.ltrans.o
 .text.chEvtObjectInit.lto_priv.494
                0x08001fb0       0x10 C:\Users\Luczia\AppData\Local\Temp\ccR5fkkO.ltrans1.ltrans.o
 .text.osalEventObjectInit.lto_priv.724
                0x08001fc0       0x14 C:\Users\Luczia\AppData\Local\Temp\ccR5fkkO.ltrans1.ltrans.o
 *fill*         0x08001fd4        0xc 
 .text.osalEventBroadcastFlagsI.lto_priv.658
                0x08001fe0       0x18 C:\Users\Luczia\AppData\Local\Temp\ccR5fkkO.ltrans1.ltrans.o
 *fill*         0x08001ff8        0x8 
 .text._write.lto_priv.222
                0x08002000       0x28 C:\Users\Luczia\AppData\Local\Temp\ccR5fkkO.ltrans1.ltrans.o
                0x08002000                _write.lto_priv.222
 *fill*         0x08002028        0x8 
 .text._read.lto_priv.224
                0x08002030       0x28 C:\Users\Luczia\AppData\Local\Temp\ccR5fkkO.ltrans1.ltrans.o
                0x08002030                _read.lto_priv.224
 *fill*         0x08002058        0x8 
 .text._put.lto_priv.132
                0x08002060       0x28 C:\Users\Luczia\AppData\Local\Temp\ccR5fkkO.ltrans1.ltrans.o
                0x08002060                _put.lto_priv.132
 *fill*         0x08002088        0x8 
 .text._get.lto_priv.135
                0x08002090       0x20 C:\Users\Luczia\AppData\Local\Temp\ccR5fkkO.ltrans1.ltrans.o
                0x08002090                _get.lto_priv.135
 .text._putt.lto_priv.226
                0x080020b0       0x28 C:\Users\Luczia\AppData\Local\Temp\ccR5fkkO.ltrans1.ltrans.o
                0x080020b0                _putt.lto_priv.226
 *fill*         0x080020d8        0x8 
 .text._gett.lto_priv.228
                0x080020e0       0x20 C:\Users\Luczia\AppData\Local\Temp\ccR5fkkO.ltrans1.ltrans.o
                0x080020e0                _gett.lto_priv.228
 .text._writet.lto_priv.230
                0x08002100       0x28 C:\Users\Luczia\AppData\Local\Temp\ccR5fkkO.ltrans1.ltrans.o
                0x08002100                _writet.lto_priv.230
 *fill*         0x08002128        0x8 
 .text._readt.lto_priv.232
                0x08002130       0x28 C:\Users\Luczia\AppData\Local\Temp\ccR5fkkO.ltrans1.ltrans.o
                0x08002130                _readt.lto_priv.232
 *fill*         0x08002158        0x8 
 .text._ctl.lto_priv.234
                0x08002160       0x48 C:\Users\Luczia\AppData\Local\Temp\ccR5fkkO.ltrans1.ltrans.o
                0x08002160                _ctl.lto_priv.234
 *fill*         0x080021a8        0x8 
 .text.sdInit   0x080021b0        0x8 C:\Users\Luczia\AppData\Local\Temp\ccR5fkkO.ltrans1.ltrans.o
 *fill*         0x080021b8        0x8 
 .text.sdObjectInit
                0x080021c0       0x5c C:\Users\Luczia\AppData\Local\Temp\ccR5fkkO.ltrans1.ltrans.o
 *fill*         0x0800221c        0x4 
 .text.sdIncomingDataI
                0x08002220       0x60 C:\Users\Luczia\AppData\Local\Temp\ccR5fkkO.ltrans1.ltrans.o
 .text.port_lock.lto_priv.290
                0x08002280       0x10 C:\Users\Luczia\AppData\Local\Temp\ccR5fkkO.ltrans1.ltrans.o
 .text.port_unlock.lto_priv.249
                0x08002290       0x10 C:\Users\Luczia\AppData\Local\Temp\ccR5fkkO.ltrans1.ltrans.o
 .text.port_lock_from_isr.lto_priv.546
                0x080022a0        0x8 C:\Users\Luczia\AppData\Local\Temp\ccR5fkkO.ltrans1.ltrans.o
 *fill*         0x080022a8        0x8 
 .text.port_unlock_from_isr.lto_priv.534
                0x080022b0        0x8 C:\Users\Luczia\AppData\Local\Temp\ccR5fkkO.ltrans1.ltrans.o
 *fill*         0x080022b8        0x8 
 .text.chSysLock.lto_priv.404
                0x080022c0        0xc C:\Users\Luczia\AppData\Local\Temp\ccR5fkkO.ltrans1.ltrans.o
 *fill*         0x080022cc        0x4 
 .text.chSysUnlock.lto_priv.371
                0x080022d0       0x34 C:\Users\Luczia\AppData\Local\Temp\ccR5fkkO.ltrans1.ltrans.o
 *fill*         0x08002304        0xc 
 .text.chSysLockFromISR.lto_priv.519
                0x08002310        0xc C:\Users\Luczia\AppData\Local\Temp\ccR5fkkO.ltrans1.ltrans.o
 *fill*         0x0800231c        0x4 
 .text.chSysUnlockFromISR.lto_priv.510
                0x08002320        0xc C:\Users\Luczia\AppData\Local\Temp\ccR5fkkO.ltrans1.ltrans.o
 *fill*         0x0800232c        0x4 
 .text.chEvtObjectInit.lto_priv.495
                0x08002330       0x10 C:\Users\Luczia\AppData\Local\Temp\ccR5fkkO.ltrans1.ltrans.o
 .text.osalSysLock.lto_priv.487
                0x08002340        0x8 C:\Users\Luczia\AppData\Local\Temp\ccR5fkkO.ltrans1.ltrans.o
 *fill*         0x08002348        0x8 
 .text.osalSysUnlock.lto_priv.476
                0x08002350        0x8 C:\Users\Luczia\AppData\Local\Temp\ccR5fkkO.ltrans1.ltrans.o
 *fill*         0x08002358        0x8 
 .text.osalSysLockFromISR.lto_priv.667
                0x08002360        0x8 C:\Users\Luczia\AppData\Local\Temp\ccR5fkkO.ltrans1.ltrans.o
 *fill*         0x08002368        0x8 
 .text.osalSysUnlockFromISR.lto_priv.661
                0x08002370        0x8 C:\Users\Luczia\AppData\Local\Temp\ccR5fkkO.ltrans1.ltrans.o
 *fill*         0x08002378        0x8 
 .text.osalEventObjectInit.lto_priv.725
                0x08002380       0x14 C:\Users\Luczia\AppData\Local\Temp\ccR5fkkO.ltrans1.ltrans.o
 *fill*         0x08002394        0xc 
 .text.osalEventBroadcastFlagsI.lto_priv.659
                0x080023a0       0x18 C:\Users\Luczia\AppData\Local\Temp\ccR5fkkO.ltrans1.ltrans.o
 *fill*         0x080023b8        0x8 
 .text.sdu_start_receive
                0x080023c0       0x80 C:\Users\Luczia\AppData\Local\Temp\ccR5fkkO.ltrans1.ltrans.o
 .text._write.lto_priv.223
                0x08002440       0x28 C:\Users\Luczia\AppData\Local\Temp\ccR5fkkO.ltrans1.ltrans.o
                0x08002440                _write.lto_priv.223
 *fill*         0x08002468        0x8 
 .text._read.lto_priv.225
                0x08002470       0x28 C:\Users\Luczia\AppData\Local\Temp\ccR5fkkO.ltrans1.ltrans.o
                0x08002470                _read.lto_priv.225
 *fill*         0x08002498        0x8 
 .text._put.lto_priv.133
                0x080024a0       0x28 C:\Users\Luczia\AppData\Local\Temp\ccR5fkkO.ltrans1.ltrans.o
                0x080024a0                _put.lto_priv.133
 *fill*         0x080024c8        0x8 
 .text._get.lto_priv.136
                0x080024d0       0x20 C:\Users\Luczia\AppData\Local\Temp\ccR5fkkO.ltrans1.ltrans.o
                0x080024d0                _get.lto_priv.136
 .text._putt.lto_priv.227
                0x080024f0       0x28 C:\Users\Luczia\AppData\Local\Temp\ccR5fkkO.ltrans1.ltrans.o
                0x080024f0                _putt.lto_priv.227
 *fill*         0x08002518        0x8 
 .text._gett.lto_priv.229
                0x08002520       0x20 C:\Users\Luczia\AppData\Local\Temp\ccR5fkkO.ltrans1.ltrans.o
                0x08002520                _gett.lto_priv.229
 .text._writet.lto_priv.231
                0x08002540       0x28 C:\Users\Luczia\AppData\Local\Temp\ccR5fkkO.ltrans1.ltrans.o
                0x08002540                _writet.lto_priv.231
 *fill*         0x08002568        0x8 
 .text._readt.lto_priv.233
                0x08002570       0x28 C:\Users\Luczia\AppData\Local\Temp\ccR5fkkO.ltrans1.ltrans.o
                0x08002570                _readt.lto_priv.233
 *fill*         0x08002598        0x8 
 .text._ctl.lto_priv.235
                0x080025a0       0x48 C:\Users\Luczia\AppData\Local\Temp\ccR5fkkO.ltrans1.ltrans.o
                0x080025a0                _ctl.lto_priv.235
 *fill*         0x080025e8        0x8 
 .text.ibnotify
                0x080025f0       0x18 C:\Users\Luczia\AppData\Local\Temp\ccR5fkkO.ltrans1.ltrans.o
 *fill*         0x08002608        0x8 
 .text.obnotify
                0x08002610       0x88 C:\Users\Luczia\AppData\Local\Temp\ccR5fkkO.ltrans1.ltrans.o
 *fill*         0x08002698        0x8 
 .text.sduInit  0x080026a0        0x4 C:\Users\Luczia\AppData\Local\Temp\ccR5fkkO.ltrans1.ltrans.o
 *fill*         0x080026a4        0xc 
 .text.sduObjectInit
                0x080026b0       0x74 C:\Users\Luczia\AppData\Local\Temp\ccR5fkkO.ltrans1.ltrans.o
                0x080026b0                sduObjectInit
 *fill*         0x08002724        0xc 
 .text.sduStart
                0x08002730       0x8c C:\Users\Luczia\AppData\Local\Temp\ccR5fkkO.ltrans1.ltrans.o
                0x08002730                sduStart
 *fill*         0x080027bc        0x4 
 .text.sduConfigureHookI
                0x080027c0       0x40 C:\Users\Luczia\AppData\Local\Temp\ccR5fkkO.ltrans1.ltrans.o
                0x080027c0                sduConfigureHookI
 .text.sduRequestsHook
                0x08002800       0x78 C:\Users\Luczia\AppData\Local\Temp\ccR5fkkO.ltrans1.ltrans.o
                0x08002800                sduRequestsHook
 *fill*         0x08002878        0x8 
 .text.sduSOFHookI
                0x08002880       0x8c C:\Users\Luczia\AppData\Local\Temp\ccR5fkkO.ltrans1.ltrans.o
                0x08002880                sduSOFHookI
 *fill*         0x0800290c        0x4 
 .text.sduDataTransmitted
                0x08002910       0xdc C:\Users\Luczia\AppData\Local\Temp\ccR5fkkO.ltrans1.ltrans.o
                0x08002910                sduDataTransmitted
 *fill*         0x080029ec        0x4 
 .text.sduDataReceived
                0x080029f0       0x74 C:\Users\Luczia\AppData\Local\Temp\ccR5fkkO.ltrans1.ltrans.o
                0x080029f0                sduDataReceived
 *fill*         0x08002a64        0xc 
 .text.sduInterruptTransmitted
                0x08002a70       0x10 C:\Users\Luczia\AppData\Local\Temp\ccR5fkkO.ltrans1.ltrans.o
                0x08002a70                sduInterruptTransmitted
 .text.osalMutexObjectInit
                0x08002a80       0x14 C:\Users\Luczia\AppData\Local\Temp\ccR5fkkO.ltrans1.ltrans.o
 *fill*         0x08002a94        0xc 
 .text.spiInit  0x08002aa0        0x8 C:\Users\Luczia\AppData\Local\Temp\ccR5fkkO.ltrans1.ltrans.o
 *fill*         0x08002aa8        0x8 
 .text.spiObjectInit
                0x08002ab0       0x28 C:\Users\Luczia\AppData\Local\Temp\ccR5fkkO.ltrans1.ltrans.o
 *fill*         0x08002ad8        0x8 
 .text.port_lock.lto_priv.292
                0x08002ae0       0x10 C:\Users\Luczia\AppData\Local\Temp\ccR5fkkO.ltrans1.ltrans.o
 .text.port_unlock.lto_priv.251
                0x08002af0       0x10 C:\Users\Luczia\AppData\Local\Temp\ccR5fkkO.ltrans1.ltrans.o
 .text.port_lock_from_isr.lto_priv.547
                0x08002b00        0x8 C:\Users\Luczia\AppData\Local\Temp\ccR5fkkO.ltrans1.ltrans.o
 *fill*         0x08002b08        0x8 
 .text.port_unlock_from_isr.lto_priv.535
                0x08002b10        0x8 C:\Users\Luczia\AppData\Local\Temp\ccR5fkkO.ltrans1.ltrans.o
 *fill*         0x08002b18        0x8 
 .text.chSysLock.lto_priv.406
                0x08002b20        0xc C:\Users\Luczia\AppData\Local\Temp\ccR5fkkO.ltrans1.ltrans.o
 *fill*         0x08002b2c        0x4 
 .text.chSysUnlock.lto_priv.373
                0x08002b30       0x34 C:\Users\Luczia\AppData\Local\Temp\ccR5fkkO.ltrans1.ltrans.o
 *fill*         0x08002b64        0xc 
 .text.chSysLockFromISR.lto_priv.520
                0x08002b70        0xc C:\Users\Luczia\AppData\Local\Temp\ccR5fkkO.ltrans1.ltrans.o
 *fill*         0x08002b7c        0x4 
 .text.chSysUnlockFromISR.lto_priv.511
                0x08002b80        0xc C:\Users\Luczia\AppData\Local\Temp\ccR5fkkO.ltrans1.ltrans.o
 *fill*         0x08002b8c        0x4 
 .text.osalSysLock.lto_priv.489
                0x08002b90        0x8 C:\Users\Luczia\AppData\Local\Temp\ccR5fkkO.ltrans1.ltrans.o
 *fill*         0x08002b98        0x8 
 .text.osalSysUnlock.lto_priv.478
                0x08002ba0        0x8 C:\Users\Luczia\AppData\Local\Temp\ccR5fkkO.ltrans1.ltrans.o
 *fill*         0x08002ba8        0x8 
 .text.osalSysLockFromISR.lto_priv.668
                0x08002bb0        0x8 C:\Users\Luczia\AppData\Local\Temp\ccR5fkkO.ltrans1.ltrans.o
 *fill*         0x08002bb8        0x8 
 .text.osalSysUnlockFromISR.lto_priv.662
                0x08002bc0        0x8 C:\Users\Luczia\AppData\Local\Temp\ccR5fkkO.ltrans1.ltrans.o
 *fill*         0x08002bc8        0x8 
 .text.get_hword
                0x08002bd0       0x30 C:\Users\Luczia\AppData\Local\Temp\ccR5fkkO.ltrans1.ltrans.o
 .text.set_address
                0x08002c00       0x3c C:\Users\Luczia\AppData\Local\Temp\ccR5fkkO.ltrans1.ltrans.o
 *fill*         0x08002c3c        0x4 
 .text.default_handler
                0x08002c40      0x3d0 C:\Users\Luczia\AppData\Local\Temp\ccR5fkkO.ltrans1.ltrans.o
 .text.usbInit  0x08003010        0x8 C:\Users\Luczia\AppData\Local\Temp\ccR5fkkO.ltrans1.ltrans.o
 *fill*         0x08003018        0x8 
 .text.usbObjectInit
                0x08003020       0x4c C:\Users\Luczia\AppData\Local\Temp\ccR5fkkO.ltrans1.ltrans.o
 *fill*         0x0800306c        0x4 
 .text.usbStart
                0x08003070       0x74 C:\Users\Luczia\AppData\Local\Temp\ccR5fkkO.ltrans1.ltrans.o
                0x08003070                usbStart
 *fill*         0x080030e4        0xc 
 .text.usbInitEndpointI
                0x080030f0       0x9c C:\Users\Luczia\AppData\Local\Temp\ccR5fkkO.ltrans1.ltrans.o
                0x080030f0                usbInitEndpointI
 *fill*         0x0800318c        0x4 
 .text.usbDisableEndpointsI
                0x08003190       0x70 C:\Users\Luczia\AppData\Local\Temp\ccR5fkkO.ltrans1.ltrans.o
 .text.usbStartReceiveI
                0x08003200       0x98 C:\Users\Luczia\AppData\Local\Temp\ccR5fkkO.ltrans1.ltrans.o
 *fill*         0x08003298        0x8 
 .text.usbStartTransmitI
                0x080032a0       0x98 C:\Users\Luczia\AppData\Local\Temp\ccR5fkkO.ltrans1.ltrans.o
 *fill*         0x08003338        0x8 
 .text._usb_reset
                0x08003340       0x7c C:\Users\Luczia\AppData\Local\Temp\ccR5fkkO.ltrans1.ltrans.o
 *fill*         0x080033bc        0x4 
 .text._usb_suspend
                0x080033c0       0x34 C:\Users\Luczia\AppData\Local\Temp\ccR5fkkO.ltrans1.ltrans.o
 *fill*         0x080033f4        0xc 
 .text._usb_wakeup
                0x08003400       0x2c C:\Users\Luczia\AppData\Local\Temp\ccR5fkkO.ltrans1.ltrans.o
 *fill*         0x0800342c        0x4 
 .text._usb_ep0setup
                0x08003430      0x160 C:\Users\Luczia\AppData\Local\Temp\ccR5fkkO.ltrans1.ltrans.o
                0x08003430                _usb_ep0setup
 .text._usb_ep0in
                0x08003590      0x144 C:\Users\Luczia\AppData\Local\Temp\ccR5fkkO.ltrans1.ltrans.o
                0x08003590                _usb_ep0in
 *fill*         0x080036d4        0xc 
 .text._usb_ep0out
                0x080036e0      0x100 C:\Users\Luczia\AppData\Local\Temp\ccR5fkkO.ltrans1.ltrans.o
                0x080036e0                _usb_ep0out
 .text.nvicEnableVector
                0x080037e0       0x54 C:\Users\Luczia\AppData\Local\Temp\ccR5fkkO.ltrans1.ltrans.o
 *fill*         0x08003834        0xc 
 .text.irqInit  0x08003840       0x3c C:\Users\Luczia\AppData\Local\Temp\ccR5fkkO.ltrans1.ltrans.o
 *fill*         0x0800387c        0x4 
 .text.hal_lld_backup_domain_init
                0x08003880       0x40 C:\Users\Luczia\AppData\Local\Temp\ccR5fkkO.ltrans1.ltrans.o
 .text.hal_lld_init
                0x080038c0       0xa0 C:\Users\Luczia\AppData\Local\Temp\ccR5fkkO.ltrans1.ltrans.o
 .text.stm32_clock_init
                0x08003960      0x134 C:\Users\Luczia\AppData\Local\Temp\ccR5fkkO.ltrans1.ltrans.o
 *fill*         0x08003a94        0xc 
 .text.Vector6C
                0x08003aa0       0x54 C:\Users\Luczia\AppData\Local\Temp\ccR5fkkO.ltrans1.ltrans.o
                0x08003aa0                Vector6C
 *fill*         0x08003af4        0xc 
 .text.Vector70
                0x08003b00       0x58 C:\Users\Luczia\AppData\Local\Temp\ccR5fkkO.ltrans1.ltrans.o
                0x08003b00                Vector70
 *fill*         0x08003b58        0x8 
 .text.Vector74
                0x08003b60       0x58 C:\Users\Luczia\AppData\Local\Temp\ccR5fkkO.ltrans1.ltrans.o
                0x08003b60                Vector74
 *fill*         0x08003bb8        0x8 
 .text.Vector78
                0x08003bc0       0x58 C:\Users\Luczia\AppData\Local\Temp\ccR5fkkO.ltrans1.ltrans.o
                0x08003bc0                Vector78
 *fill*         0x08003c18        0x8 
 .text.Vector7C
                0x08003c20       0x54 C:\Users\Luczia\AppData\Local\Temp\ccR5fkkO.ltrans1.ltrans.o
                0x08003c20                Vector7C
 *fill*         0x08003c74        0xc 
 .text.Vector80
                0x08003c80       0x58 C:\Users\Luczia\AppData\Local\Temp\ccR5fkkO.ltrans1.ltrans.o
                0x08003c80                Vector80
 *fill*         0x08003cd8        0x8 
 .text.Vector84
                0x08003ce0       0x58 C:\Users\Luczia\AppData\Local\Temp\ccR5fkkO.ltrans1.ltrans.o
                0x08003ce0                Vector84
 *fill*         0x08003d38        0x8 
 .text.VectorFC
                0x08003d40       0x58 C:\Users\Luczia\AppData\Local\Temp\ccR5fkkO.ltrans1.ltrans.o
                0x08003d40                VectorFC
 *fill*         0x08003d98        0x8 
 .text.Vector120
                0x08003da0       0x54 C:\Users\Luczia\AppData\Local\Temp\ccR5fkkO.ltrans1.ltrans.o
                0x08003da0                Vector120
 *fill*         0x08003df4        0xc 
 .text.Vector124
                0x08003e00       0x58 C:\Users\Luczia\AppData\Local\Temp\ccR5fkkO.ltrans1.ltrans.o
                0x08003e00                Vector124
 *fill*         0x08003e58        0x8 
 .text.Vector128
                0x08003e60       0x58 C:\Users\Luczia\AppData\Local\Temp\ccR5fkkO.ltrans1.ltrans.o
                0x08003e60                Vector128
 *fill*         0x08003eb8        0x8 
 .text.Vector12C
                0x08003ec0       0x58 C:\Users\Luczia\AppData\Local\Temp\ccR5fkkO.ltrans1.ltrans.o
                0x08003ec0                Vector12C
 *fill*         0x08003f18        0x8 
 .text.Vector130
                0x08003f20       0x54 C:\Users\Luczia\AppData\Local\Temp\ccR5fkkO.ltrans1.ltrans.o
                0x08003f20                Vector130
 *fill*         0x08003f74        0xc 
 .text.Vector150
                0x08003f80       0x58 C:\Users\Luczia\AppData\Local\Temp\ccR5fkkO.ltrans1.ltrans.o
                0x08003f80                Vector150
 *fill*         0x08003fd8        0x8 
 .text.Vector154
                0x08003fe0       0x58 C:\Users\Luczia\AppData\Local\Temp\ccR5fkkO.ltrans1.ltrans.o
                0x08003fe0                Vector154
 *fill*         0x08004038        0x8 
 .text.Vector158
                0x08004040       0x5c C:\Users\Luczia\AppData\Local\Temp\ccR5fkkO.ltrans1.ltrans.o
                0x08004040                Vector158
 *fill*         0x0800409c        0x4 
 .text.dmaInit  0x080040a0       0x70 C:\Users\Luczia\AppData\Local\Temp\ccR5fkkO.ltrans1.ltrans.o
 .text._pal_lld_init
                0x08004110        0x4 C:\Users\Luczia\AppData\Local\Temp\ccR5fkkO.ltrans1.ltrans.o
 *fill*         0x08004114        0xc 
 .text._pal_lld_setgroupmode
                0x08004120      0x16c C:\Users\Luczia\AppData\Local\Temp\ccR5fkkO.ltrans1.ltrans.o
                0x08004120                _pal_lld_setgroupmode
 *fill*         0x0800428c        0x4 
 .text.port_lock.lto_priv.294
                0x08004290       0x10 C:\Users\Luczia\AppData\Local\Temp\ccR5fkkO.ltrans1.ltrans.o
 .text.port_unlock.lto_priv.253
                0x080042a0       0x10 C:\Users\Luczia\AppData\Local\Temp\ccR5fkkO.ltrans1.ltrans.o
 .text.port_lock_from_isr.lto_priv.548
                0x080042b0        0x8 C:\Users\Luczia\AppData\Local\Temp\ccR5fkkO.ltrans1.ltrans.o
 *fill*         0x080042b8        0x8 
 .text.port_unlock_from_isr.lto_priv.536
                0x080042c0        0x8 C:\Users\Luczia\AppData\Local\Temp\ccR5fkkO.ltrans1.ltrans.o
 *fill*         0x080042c8        0x8 
 .text.chSysLockFromISR.lto_priv.521
                0x080042d0        0xc C:\Users\Luczia\AppData\Local\Temp\ccR5fkkO.ltrans1.ltrans.o
 *fill*         0x080042dc        0x4 
 .text.chSysUnlockFromISR.lto_priv.512
                0x080042e0        0xc C:\Users\Luczia\AppData\Local\Temp\ccR5fkkO.ltrans1.ltrans.o
 *fill*         0x080042ec        0x4 
 .text.osalSysLockFromISR.lto_priv.669
                0x080042f0        0x8 C:\Users\Luczia\AppData\Local\Temp\ccR5fkkO.ltrans1.ltrans.o
 *fill*         0x080042f8        0x8 
 .text.osalSysUnlockFromISR.lto_priv.663
                0x08004300        0x8 C:\Users\Luczia\AppData\Local\Temp\ccR5fkkO.ltrans1.ltrans.o
 *fill*         0x08004308        0x8 
 .text.osalSysPolledDelayX
                0x08004310       0x14 C:\Users\Luczia\AppData\Local\Temp\ccR5fkkO.ltrans1.ltrans.o
 *fill*         0x08004324        0xc 
 .text.otg_core_reset
                0x08004330       0x40 C:\Users\Luczia\AppData\Local\Temp\ccR5fkkO.ltrans1.ltrans.o
 .text.otg_disable_ep
                0x08004370       0x90 C:\Users\Luczia\AppData\Local\Temp\ccR5fkkO.ltrans1.ltrans.o
 .text.otg_rxfifo_flush
                0x08004400       0x2c C:\Users\Luczia\AppData\Local\Temp\ccR5fkkO.ltrans1.ltrans.o
 *fill*         0x0800442c        0x4 
 .text.otg_txfifo_flush
                0x08004430       0x34 C:\Users\Luczia\AppData\Local\Temp\ccR5fkkO.ltrans1.ltrans.o
 *fill*         0x08004464        0xc 
 .text.otg_ram_reset
                0x08004470       0x14 C:\Users\Luczia\AppData\Local\Temp\ccR5fkkO.ltrans1.ltrans.o
 *fill*         0x08004484        0xc 
 .text.otg_ram_alloc
                0x08004490       0x3c C:\Users\Luczia\AppData\Local\Temp\ccR5fkkO.ltrans1.ltrans.o
 *fill*         0x080044cc        0x4 
 .text.otg_fifo_write_from_buffer
                0x080044d0       0x3c C:\Users\Luczia\AppData\Local\Temp\ccR5fkkO.ltrans1.ltrans.o
 *fill*         0x0800450c        0x4 
 .text.otg_fifo_read_to_buffer
                0x08004510       0x50 C:\Users\Luczia\AppData\Local\Temp\ccR5fkkO.ltrans1.ltrans.o
 .text.otg_rxfifo_handler
                0x08004560      0x108 C:\Users\Luczia\AppData\Local\Temp\ccR5fkkO.ltrans1.ltrans.o
 *fill*         0x08004668        0x8 
 .text.otg_txfifo_handler
                0x08004670      0x14c C:\Users\Luczia\AppData\Local\Temp\ccR5fkkO.ltrans1.ltrans.o
 *fill*         0x080047bc        0x4 
 .text.otg_epin_handler
                0x080047c0      0x118 C:\Users\Luczia\AppData\Local\Temp\ccR5fkkO.ltrans1.ltrans.o
 *fill*         0x080048d8        0x8 
 .text.otg_epout_handler
                0x080048e0      0x148 C:\Users\Luczia\AppData\Local\Temp\ccR5fkkO.ltrans1.ltrans.o
 *fill*         0x08004a28        0x8 
 .text.otg_isoc_in_failed_handler
                0x08004a30       0xf4 C:\Users\Luczia\AppData\Local\Temp\ccR5fkkO.ltrans1.ltrans.o
 *fill*         0x08004b24        0xc 
 .text.otg_isoc_out_failed_handler
                0x08004b30       0xac C:\Users\Luczia\AppData\Local\Temp\ccR5fkkO.ltrans1.ltrans.o
 *fill*         0x08004bdc        0x4 
 .text.usb_lld_serve_interrupt
                0x08004be0      0x200 C:\Users\Luczia\AppData\Local\Temp\ccR5fkkO.ltrans1.ltrans.o
 .text.Vector14C
                0x08004de0       0x2c C:\Users\Luczia\AppData\Local\Temp\ccR5fkkO.ltrans1.ltrans.o
                0x08004de0                Vector14C
 *fill*         0x08004e0c        0x4 
 .text.Vector174
                0x08004e10       0x2c C:\Users\Luczia\AppData\Local\Temp\ccR5fkkO.ltrans1.ltrans.o
                0x08004e10                Vector174
 *fill*         0x08004e3c        0x4 
 .text.usb_lld_init
                0x08004e40       0x40 C:\Users\Luczia\AppData\Local\Temp\ccR5fkkO.ltrans1.ltrans.o
 .text.usb_lld_start
                0x08004e80      0x16c C:\Users\Luczia\AppData\Local\Temp\ccR5fkkO.ltrans1.ltrans.o
 *fill*         0x08004fec        0x4 
 .text.usb_lld_reset
                0x08004ff0      0x12c C:\Users\Luczia\AppData\Local\Temp\ccR5fkkO.ltrans1.ltrans.o
 *fill*         0x0800511c        0x4 
 .text.usb_lld_set_address
                0x08005120       0x28 C:\Users\Luczia\AppData\Local\Temp\ccR5fkkO.ltrans1.ltrans.o
 *fill*         0x08005148        0x8 
 .text.usb_lld_init_endpoint
                0x08005150      0x250 C:\Users\Luczia\AppData\Local\Temp\ccR5fkkO.ltrans1.ltrans.o
 .text.usb_lld_disable_endpoints
                0x080053a0       0x18 C:\Users\Luczia\AppData\Local\Temp\ccR5fkkO.ltrans1.ltrans.o
 *fill*         0x080053b8        0x8 
 .text.usb_lld_get_status_out
                0x080053c0       0x40 C:\Users\Luczia\AppData\Local\Temp\ccR5fkkO.ltrans1.ltrans.o
 .text.usb_lld_get_status_in
                0x08005400       0x40 C:\Users\Luczia\AppData\Local\Temp\ccR5fkkO.ltrans1.ltrans.o
 .text.usb_lld_read_setup
                0x08005440       0x30 C:\Users\Luczia\AppData\Local\Temp\ccR5fkkO.ltrans1.ltrans.o
 .text.usb_lld_start_out
                0x08005470      0x140 C:\Users\Luczia\AppData\Local\Temp\ccR5fkkO.ltrans1.ltrans.o
 .text.usb_lld_start_in
                0x080055b0      0x15c C:\Users\Luczia\AppData\Local\Temp\ccR5fkkO.ltrans1.ltrans.o
 *fill*         0x0800570c        0x4 
 .text.usb_lld_stall_out
                0x08005710       0x34 C:\Users\Luczia\AppData\Local\Temp\ccR5fkkO.ltrans1.ltrans.o
 *fill*         0x08005744        0xc 
 .text.usb_lld_stall_in
                0x08005750       0x34 C:\Users\Luczia\AppData\Local\Temp\ccR5fkkO.ltrans1.ltrans.o
 *fill*         0x08005784        0xc 
 .text.usb_lld_clear_out
                0x08005790       0x34 C:\Users\Luczia\AppData\Local\Temp\ccR5fkkO.ltrans1.ltrans.o
 *fill*         0x080057c4        0xc 
 .text.usb_lld_clear_in
                0x080057d0       0x34 C:\Users\Luczia\AppData\Local\Temp\ccR5fkkO.ltrans1.ltrans.o
 *fill*         0x08005804        0xc 
 .text.spi_lld_init
                0x08005810       0x38 C:\Users\Luczia\AppData\Local\Temp\ccR5fkkO.ltrans1.ltrans.o
 *fill*         0x08005848        0x8 
 .text.port_lock.lto_priv.296
                0x08005850       0x10 C:\Users\Luczia\AppData\Local\Temp\ccR5fkkO.ltrans1.ltrans.o
 .text.port_unlock.lto_priv.255
                0x08005860       0x10 C:\Users\Luczia\AppData\Local\Temp\ccR5fkkO.ltrans1.ltrans.o
 .text.port_lock_from_isr.lto_priv.550
                0x08005870        0x8 C:\Users\Luczia\AppData\Local\Temp\ccR5fkkO.ltrans1.ltrans.o
 *fill*         0x08005878        0x8 
 .text.port_unlock_from_isr.lto_priv.538
                0x08005880        0x8 C:\Users\Luczia\AppData\Local\Temp\ccR5fkkO.ltrans1.ltrans.o
 *fill*         0x08005888        0x8 
 .text.chSysLockFromISR.lto_priv.523
                0x08005890        0xc C:\Users\Luczia\AppData\Local\Temp\ccR5fkkO.ltrans1.ltrans.o
 *fill*         0x0800589c        0x4 
 .text.chSysUnlockFromISR.lto_priv.514
                0x080058a0        0xc C:\Users\Luczia\AppData\Local\Temp\ccR5fkkO.ltrans1.ltrans.o
 *fill*         0x080058ac        0x4 
 .text.osalSysLockFromISR.lto_priv.671
                0x080058b0        0x8 C:\Users\Luczia\AppData\Local\Temp\ccR5fkkO.ltrans1.ltrans.o
 *fill*         0x080058b8        0x8 
 .text.osalSysUnlockFromISR.lto_priv.665
                0x080058c0        0x8 C:\Users\Luczia\AppData\Local\Temp\ccR5fkkO.ltrans1.ltrans.o
 *fill*         0x080058c8        0x8 
 .text.osalOsTimerHandlerI
                0x080058d0        0x8 C:\Users\Luczia\AppData\Local\Temp\ccR5fkkO.ltrans1.ltrans.o
 *fill*         0x080058d8        0x8 
 .text.VectorB0
                0x080058e0       0x44 C:\Users\Luczia\AppData\Local\Temp\ccR5fkkO.ltrans1.ltrans.o
                0x080058e0                VectorB0
 *fill*         0x08005924        0xc 
 .text.st_lld_init
                0x08005930       0x80 C:\Users\Luczia\AppData\Local\Temp\ccR5fkkO.ltrans1.ltrans.o
 .text.VectorA4
                0x080059b0       0x2c C:\Users\Luczia\AppData\Local\Temp\ccR5fkkO.ltrans1.ltrans.o
                0x080059b0                VectorA4
 *fill*         0x080059dc        0x4 
 .text.VectorAC
                0x080059e0       0x2c C:\Users\Luczia\AppData\Local\Temp\ccR5fkkO.ltrans1.ltrans.o
                0x080059e0                VectorAC
 *fill*         0x08005a0c        0x4 
 .text.pwm_lld_init
                0x08005a10       0x20 C:\Users\Luczia\AppData\Local\Temp\ccR5fkkO.ltrans1.ltrans.o
 .text.pwm_lld_serve_interrupt
                0x08005a30       0xc4 C:\Users\Luczia\AppData\Local\Temp\ccR5fkkO.ltrans1.ltrans.o
 *fill*         0x08005af4        0xc 
 .text.port_lock.lto_priv.297
                0x08005b00       0x10 C:\Users\Luczia\AppData\Local\Temp\ccR5fkkO.ltrans1.ltrans.o
 .text.port_unlock.lto_priv.256
                0x08005b10       0x10 C:\Users\Luczia\AppData\Local\Temp\ccR5fkkO.ltrans1.ltrans.o
 .text.port_lock_from_isr.lto_priv.551
                0x08005b20        0x8 C:\Users\Luczia\AppData\Local\Temp\ccR5fkkO.ltrans1.ltrans.o
 *fill*         0x08005b28        0x8 
 .text.port_unlock_from_isr.lto_priv.539
                0x08005b30        0x8 C:\Users\Luczia\AppData\Local\Temp\ccR5fkkO.ltrans1.ltrans.o
 *fill*         0x08005b38        0x8 
 .text.chSysLockFromISR.lto_priv.524
                0x08005b40        0xc C:\Users\Luczia\AppData\Local\Temp\ccR5fkkO.ltrans1.ltrans.o
 *fill*         0x08005b4c        0x4 
 .text.chSysUnlockFromISR.lto_priv.515
                0x08005b50        0xc C:\Users\Luczia\AppData\Local\Temp\ccR5fkkO.ltrans1.ltrans.o
 *fill*         0x08005b5c        0x4 
 .text.osalSysLockFromISR.lto_priv.672
                0x08005b60        0x8 C:\Users\Luczia\AppData\Local\Temp\ccR5fkkO.ltrans1.ltrans.o
 *fill*         0x08005b68        0x8 
 .text.osalSysUnlockFromISR.lto_priv.666
                0x08005b70        0x8 C:\Users\Luczia\AppData\Local\Temp\ccR5fkkO.ltrans1.ltrans.o
 *fill*         0x08005b78        0x8 
 .text.osalEventBroadcastFlagsI.lto_priv.660
                0x08005b80       0x18 C:\Users\Luczia\AppData\Local\Temp\ccR5fkkO.ltrans1.ltrans.o
 *fill*         0x08005b98        0x8 
 .text.set_error
                0x08005ba0       0x74 C:\Users\Luczia\AppData\Local\Temp\ccR5fkkO.ltrans1.ltrans.o
 *fill*         0x08005c14        0xc 
 .text.serve_interrupt
                0x08005c20      0x15c C:\Users\Luczia\AppData\Local\Temp\ccR5fkkO.ltrans1.ltrans.o
 *fill*         0x08005d7c        0x4 
 .text.notify2  0x08005d80       0x18 C:\Users\Luczia\AppData\Local\Temp\ccR5fkkO.ltrans1.ltrans.o
 *fill*         0x08005d98        0x8 
 .text.VectorD8
                0x08005da0       0x2c C:\Users\Luczia\AppData\Local\Temp\ccR5fkkO.ltrans1.ltrans.o
                0x08005da0                VectorD8
 *fill*         0x08005dcc        0x4 
 .text.sd_lld_init
                0x08005dd0       0x20 C:\Users\Luczia\AppData\Local\Temp\ccR5fkkO.ltrans1.ltrans.o
 .text.gpio_init
                0x08005df0       0x44 C:\Users\Luczia\AppData\Local\Temp\ccR5fkkO.ltrans1.ltrans.o
 *fill*         0x08005e34        0xc 
 .text.stm32_gpio_init
                0x08005e40       0xe0 C:\Users\Luczia\AppData\Local\Temp\ccR5fkkO.ltrans1.ltrans.o
 .text.__early_init
                0x08005f20        0xc C:\Users\Luczia\AppData\Local\Temp\ccR5fkkO.ltrans1.ltrans.o
                0x08005f20                __early_init
 *fill*         0x08005f2c        0x4 
 .text.boardInit
                0x08005f30        0x4 C:\Users\Luczia\AppData\Local\Temp\ccR5fkkO.ltrans1.ltrans.o
 *fill*         0x08005f34        0xc 
 .text.chTimeAddX.lto_priv.459
                0x08005f40       0x14 C:\Users\Luczia\AppData\Local\Temp\ccR5fkkO.ltrans1.ltrans.o
 *fill*         0x08005f54        0xc 
 .text.chTimeDiffX.lto_priv.644
                0x08005f60       0x14 C:\Users\Luczia\AppData\Local\Temp\ccR5fkkO.ltrans1.ltrans.o
 *fill*         0x08005f74        0xc 
 .text.__NVIC_SetPriorityGrouping
                0x08005f80       0x3c C:\Users\Luczia\AppData\Local\Temp\ccR5fkkO.ltrans1.ltrans.o
 *fill*         0x08005fbc        0x4 
 .text.__NVIC_SetPriority
                0x08005fc0       0x4c C:\Users\Luczia\AppData\Local\Temp\ccR5fkkO.ltrans1.ltrans.o
 *fill*         0x0800600c        0x4 
 .text.port_init
                0x08006010       0x40 C:\Users\Luczia\AppData\Local\Temp\ccR5fkkO.ltrans1.ltrans.o
 .text.port_lock.lto_priv.298
                0x08006050       0x10 C:\Users\Luczia\AppData\Local\Temp\ccR5fkkO.ltrans1.ltrans.o
 .text.port_unlock.lto_priv.257
                0x08006060       0x10 C:\Users\Luczia\AppData\Local\Temp\ccR5fkkO.ltrans1.ltrans.o
 .text.port_lock_from_isr.lto_priv.552
                0x08006070        0x8 C:\Users\Luczia\AppData\Local\Temp\ccR5fkkO.ltrans1.ltrans.o
 *fill*         0x08006078        0x8 
 .text.port_unlock_from_isr.lto_priv.540
                0x08006080        0x8 C:\Users\Luczia\AppData\Local\Temp\ccR5fkkO.ltrans1.ltrans.o
 *fill*         0x08006088        0x8 
 .text.port_disable.lto_priv.532
                0x08006090        0x4 C:\Users\Luczia\AppData\Local\Temp\ccR5fkkO.ltrans1.ltrans.o
 *fill*         0x08006094        0xc 
 .text.port_enable.lto_priv.530
                0x080060a0       0x14 C:\Users\Luczia\AppData\Local\Temp\ccR5fkkO.ltrans1.ltrans.o
 *fill*         0x080060b4        0xc 
 .text.port_wait_for_interrupt
                0x080060c0        0x4 C:\Users\Luczia\AppData\Local\Temp\ccR5fkkO.ltrans1.ltrans.o
 *fill*         0x080060c4        0xc 
 .text.port_rt_get_counter_value.lto_priv.628
                0x080060d0        0xc C:\Users\Luczia\AppData\Local\Temp\ccR5fkkO.ltrans1.ltrans.o
 *fill*         0x080060dc        0x4 
 .text.st_lld_get_counter.lto_priv.445
                0x080060e0        0xc C:\Users\Luczia\AppData\Local\Temp\ccR5fkkO.ltrans1.ltrans.o
 *fill*         0x080060ec        0x4 
 .text.port_timer_stop_alarm.lto_priv.651
                0x080060f0        0x8 C:\Users\Luczia\AppData\Local\Temp\ccR5fkkO.ltrans1.ltrans.o
 *fill*         0x080060f8        0x8 
 .text.port_timer_set_alarm.lto_priv.649
                0x08006100       0x14 C:\Users\Luczia\AppData\Local\Temp\ccR5fkkO.ltrans1.ltrans.o
 *fill*         0x08006114        0xc 
 .text.port_timer_get_time.lto_priv.434
                0x08006120        0xc C:\Users\Luczia\AppData\Local\Temp\ccR5fkkO.ltrans1.ltrans.o
 *fill*         0x0800612c        0x4 
 .text.chSysEnable.lto_priv.528
                0x08006130        0xc C:\Users\Luczia\AppData\Local\Temp\ccR5fkkO.ltrans1.ltrans.o
 *fill*         0x0800613c        0x4 
 .text.chSysLockFromISR.lto_priv.525
                0x08006140        0xc C:\Users\Luczia\AppData\Local\Temp\ccR5fkkO.ltrans1.ltrans.o
 *fill*         0x0800614c        0x4 
 .text.chSysUnlockFromISR.lto_priv.516
                0x08006150        0xc C:\Users\Luczia\AppData\Local\Temp\ccR5fkkO.ltrans1.ltrans.o
 *fill*         0x0800615c        0x4 
 .text.chVTGetSystemTimeX.lto_priv.356
                0x08006160        0xc C:\Users\Luczia\AppData\Local\Temp\ccR5fkkO.ltrans1.ltrans.o
 *fill*         0x0800616c        0x4 
 .text.chVTDoTickI
                0x08006170      0x134 C:\Users\Luczia\AppData\Local\Temp\ccR5fkkO.ltrans1.ltrans.o
 *fill*         0x080062a4        0xc 
 .text._idle_thread.lto_priv.180
                0x080062b0        0xc C:\Users\Luczia\AppData\Local\Temp\ccR5fkkO.ltrans1.ltrans.o
                0x080062b0                _idle_thread.lto_priv.180
 *fill*         0x080062bc        0x4 
 .text.chSysInit
                0x080062c0       0x70 C:\Users\Luczia\AppData\Local\Temp\ccR5fkkO.ltrans1.ltrans.o
                0x080062c0                chSysInit
 .text.chSysHalt
                0x08006330       0x1c C:\Users\Luczia\AppData\Local\Temp\ccR5fkkO.ltrans1.ltrans.o
                0x08006330                chSysHalt
 *fill*         0x0800634c        0x4 
 .text.chSysTimerHandlerI
                0x08006350        0xc C:\Users\Luczia\AppData\Local\Temp\ccR5fkkO.ltrans1.ltrans.o
 *fill*         0x0800635c        0x4 
 .text.chSysIsCounterWithinX
                0x08006360       0x24 C:\Users\Luczia\AppData\Local\Temp\ccR5fkkO.ltrans1.ltrans.o
 *fill*         0x08006384        0xc 
 .text.chSysPolledDelayX
                0x08006390       0x30 C:\Users\Luczia\AppData\Local\Temp\ccR5fkkO.ltrans1.ltrans.o
 .text.port_lock.lto_priv.299
                0x080063c0       0x10 C:\Users\Luczia\AppData\Local\Temp\ccR5fkkO.ltrans1.ltrans.o
 .text.port_unlock.lto_priv.258
                0x080063d0       0x10 C:\Users\Luczia\AppData\Local\Temp\ccR5fkkO.ltrans1.ltrans.o
 .text.port_lock_from_isr.lto_priv.553
                0x080063e0        0x8 C:\Users\Luczia\AppData\Local\Temp\ccR5fkkO.ltrans1.ltrans.o
 *fill*         0x080063e8        0x8 
 .text.port_unlock_from_isr.lto_priv.541
                0x080063f0        0x8 C:\Users\Luczia\AppData\Local\Temp\ccR5fkkO.ltrans1.ltrans.o
 *fill*         0x080063f8        0x8 
 .text._dbg_check_enable
                0x08006400       0x24 C:\Users\Luczia\AppData\Local\Temp\ccR5fkkO.ltrans1.ltrans.o
 *fill*         0x08006424        0xc 
 .text._dbg_check_lock
                0x08006430       0x28 C:\Users\Luczia\AppData\Local\Temp\ccR5fkkO.ltrans1.ltrans.o
                0x08006430                _dbg_check_lock
 *fill*         0x08006458        0x8 
 .text._dbg_check_unlock
                0x08006460       0x28 C:\Users\Luczia\AppData\Local\Temp\ccR5fkkO.ltrans1.ltrans.o
                0x08006460                _dbg_check_unlock
 *fill*         0x08006488        0x8 
 .text._dbg_check_lock_from_isr
                0x08006490       0x28 C:\Users\Luczia\AppData\Local\Temp\ccR5fkkO.ltrans1.ltrans.o
                0x08006490                _dbg_check_lock_from_isr
 *fill*         0x080064b8        0x8 
 .text._dbg_check_unlock_from_isr
                0x080064c0       0x28 C:\Users\Luczia\AppData\Local\Temp\ccR5fkkO.ltrans1.ltrans.o
                0x080064c0                _dbg_check_unlock_from_isr
 *fill*         0x080064e8        0x8 
 .text._dbg_check_enter_isr
                0x080064f0       0x34 C:\Users\Luczia\AppData\Local\Temp\ccR5fkkO.ltrans1.ltrans.o
 *fill*         0x08006524        0xc 
 .text._dbg_check_leave_isr
                0x08006530       0x34 C:\Users\Luczia\AppData\Local\Temp\ccR5fkkO.ltrans1.ltrans.o
 *fill*         0x08006564        0xc 
 .text.chDbgCheckClassI
                0x08006570       0x24 C:\Users\Luczia\AppData\Local\Temp\ccR5fkkO.ltrans1.ltrans.o
 *fill*         0x08006594        0xc 
 .text.chDbgCheckClassS
                0x080065a0       0x24 C:\Users\Luczia\AppData\Local\Temp\ccR5fkkO.ltrans1.ltrans.o
 *fill*         0x080065c4        0xc 
 .text.port_lock.lto_priv.300
                0x080065d0       0x10 C:\Users\Luczia\AppData\Local\Temp\ccR5fkkO.ltrans1.ltrans.o
 .text.port_unlock.lto_priv.259
                0x080065e0       0x10 C:\Users\Luczia\AppData\Local\Temp\ccR5fkkO.ltrans1.ltrans.o
 .text.port_lock_from_isr.lto_priv.554
                0x080065f0        0x8 C:\Users\Luczia\AppData\Local\Temp\ccR5fkkO.ltrans1.ltrans.o
 *fill*         0x080065f8        0x8 
 .text.port_unlock_from_isr.lto_priv.542
                0x08006600        0x8 C:\Users\Luczia\AppData\Local\Temp\ccR5fkkO.ltrans1.ltrans.o
 *fill*         0x08006608        0x8 
 .text.port_rt_get_counter_value.lto_priv.629
                0x08006610        0xc C:\Users\Luczia\AppData\Local\Temp\ccR5fkkO.ltrans1.ltrans.o
 *fill*         0x0800661c        0x4 
 .text.st_lld_get_counter.lto_priv.446
                0x08006620        0xc C:\Users\Luczia\AppData\Local\Temp\ccR5fkkO.ltrans1.ltrans.o
 *fill*         0x0800662c        0x4 
 .text.port_timer_get_time.lto_priv.435
                0x08006630        0xc C:\Users\Luczia\AppData\Local\Temp\ccR5fkkO.ltrans1.ltrans.o
 *fill*         0x0800663c        0x4 
 .text.chVTGetSystemTimeX.lto_priv.357
                0x08006640        0xc C:\Users\Luczia\AppData\Local\Temp\ccR5fkkO.ltrans1.ltrans.o
 *fill*         0x0800664c        0x4 
 .text.trace_next
                0x08006650       0x4c C:\Users\Luczia\AppData\Local\Temp\ccR5fkkO.ltrans1.ltrans.o
 *fill*         0x0800669c        0x4 
 .text._trace_init
                0x080066a0       0x4c C:\Users\Luczia\AppData\Local\Temp\ccR5fkkO.ltrans1.ltrans.o
 *fill*         0x080066ec        0x4 
 .text._trace_switch
                0x080066f0       0x60 C:\Users\Luczia\AppData\Local\Temp\ccR5fkkO.ltrans1.ltrans.o
 .text._trace_isr_enter
                0x08006750       0x4c C:\Users\Luczia\AppData\Local\Temp\ccR5fkkO.ltrans1.ltrans.o
 *fill*         0x0800679c        0x4 
 .text._trace_isr_leave
                0x080067a0       0x4c C:\Users\Luczia\AppData\Local\Temp\ccR5fkkO.ltrans1.ltrans.o
 *fill*         0x080067ec        0x4 
 .text._trace_halt
                0x080067f0       0x44 C:\Users\Luczia\AppData\Local\Temp\ccR5fkkO.ltrans1.ltrans.o
 *fill*         0x08006834        0xc 
 .text.chTimeAddX.lto_priv.460
                0x08006840       0x14 C:\Users\Luczia\AppData\Local\Temp\ccR5fkkO.ltrans1.ltrans.o
 *fill*         0x08006854        0xc 
 .text.chTimeDiffX.lto_priv.645
                0x08006860       0x14 C:\Users\Luczia\AppData\Local\Temp\ccR5fkkO.ltrans1.ltrans.o
 *fill*         0x08006874        0xc 
 .text.st_lld_get_counter.lto_priv.447
                0x08006880        0xc C:\Users\Luczia\AppData\Local\Temp\ccR5fkkO.ltrans1.ltrans.o
 *fill*         0x0800688c        0x4 
 .text.port_timer_start_alarm
                0x08006890       0x14 C:\Users\Luczia\AppData\Local\Temp\ccR5fkkO.ltrans1.ltrans.o
 *fill*         0x080068a4        0xc 
 .text.port_timer_stop_alarm.lto_priv.652
                0x080068b0        0x8 C:\Users\Luczia\AppData\Local\Temp\ccR5fkkO.ltrans1.ltrans.o
 *fill*         0x080068b8        0x8 
 .text.port_timer_set_alarm.lto_priv.650
                0x080068c0       0x14 C:\Users\Luczia\AppData\Local\Temp\ccR5fkkO.ltrans1.ltrans.o
 *fill*         0x080068d4        0xc 
 .text.port_timer_get_time.lto_priv.436
                0x080068e0        0xc C:\Users\Luczia\AppData\Local\Temp\ccR5fkkO.ltrans1.ltrans.o
 *fill*         0x080068ec        0x4 
 .text.chVTGetSystemTimeX.lto_priv.358
                0x080068f0        0xc C:\Users\Luczia\AppData\Local\Temp\ccR5fkkO.ltrans1.ltrans.o
 *fill*         0x080068fc        0x4 
 .text._vt_init
                0x08006900       0x24 C:\Users\Luczia\AppData\Local\Temp\ccR5fkkO.ltrans1.ltrans.o
 *fill*         0x08006924        0xc 
 .text.chVTDoSetI
                0x08006930      0x160 C:\Users\Luczia\AppData\Local\Temp\ccR5fkkO.ltrans1.ltrans.o
 .text.chVTDoResetI
                0x08006a90      0x108 C:\Users\Luczia\AppData\Local\Temp\ccR5fkkO.ltrans1.ltrans.o
 *fill*         0x08006b98        0x8 
 .text.port_lock.lto_priv.301
                0x08006ba0       0x10 C:\Users\Luczia\AppData\Local\Temp\ccR5fkkO.ltrans1.ltrans.o
 .text.port_unlock.lto_priv.260
                0x08006bb0       0x10 C:\Users\Luczia\AppData\Local\Temp\ccR5fkkO.ltrans1.ltrans.o
 .text.port_lock_from_isr.lto_priv.555
                0x08006bc0        0x8 C:\Users\Luczia\AppData\Local\Temp\ccR5fkkO.ltrans1.ltrans.o
 *fill*         0x08006bc8        0x8 
 .text.port_unlock_from_isr.lto_priv.543
                0x08006bd0        0x8 C:\Users\Luczia\AppData\Local\Temp\ccR5fkkO.ltrans1.ltrans.o
 *fill*         0x08006bd8        0x8 
 .text.queue_init.lto_priv.592
                0x08006be0       0x14 C:\Users\Luczia\AppData\Local\Temp\ccR5fkkO.ltrans1.ltrans.o
 *fill*         0x08006bf4        0xc 
 .text.queue_fifo_remove.lto_priv.598
                0x08006c00       0x24 C:\Users\Luczia\AppData\Local\Temp\ccR5fkkO.ltrans1.ltrans.o
 *fill*         0x08006c24        0xc 
 .text.queue_dequeue.lto_priv.619
                0x08006c30       0x20 C:\Users\Luczia\AppData\Local\Temp\ccR5fkkO.ltrans1.ltrans.o
 .text.chSchIsRescRequiredI
                0x08006c50       0x24 C:\Users\Luczia\AppData\Local\Temp\ccR5fkkO.ltrans1.ltrans.o
 *fill*         0x08006c74        0xc 
 .text.chSysLockFromISR.lto_priv.526
                0x08006c80        0xc C:\Users\Luczia\AppData\Local\Temp\ccR5fkkO.ltrans1.ltrans.o
 *fill*         0x08006c8c        0x4 
 .text.chSysUnlockFromISR.lto_priv.517
                0x08006c90        0xc C:\Users\Luczia\AppData\Local\Temp\ccR5fkkO.ltrans1.ltrans.o
 *fill*         0x08006c9c        0x4 
 .text.chVTIsArmedI.lto_priv.508
                0x08006ca0       0x20 C:\Users\Luczia\AppData\Local\Temp\ccR5fkkO.ltrans1.ltrans.o
 .text.chSemFastSignalI
                0x08006cc0       0x1c C:\Users\Luczia\AppData\Local\Temp\ccR5fkkO.ltrans1.ltrans.o
 *fill*         0x08006cdc        0x4 
 .text._scheduler_init
                0x08006ce0       0x20 C:\Users\Luczia\AppData\Local\Temp\ccR5fkkO.ltrans1.ltrans.o
 .text.chSchReadyI
                0x08006d00       0x7c C:\Users\Luczia\AppData\Local\Temp\ccR5fkkO.ltrans1.ltrans.o
 *fill*         0x08006d7c        0x4 
 .text.chSchReadyAheadI
                0x08006d80       0x7c C:\Users\Luczia\AppData\Local\Temp\ccR5fkkO.ltrans1.ltrans.o
 *fill*         0x08006dfc        0x4 
 .text.chSchGoSleepS
                0x08006e00       0x78 C:\Users\Luczia\AppData\Local\Temp\ccR5fkkO.ltrans1.ltrans.o
 *fill*         0x08006e78        0x8 
 .text.wakeup   0x08006e80       0x78 C:\Users\Luczia\AppData\Local\Temp\ccR5fkkO.ltrans1.ltrans.o
 *fill*         0x08006ef8        0x8 
 .text.chSchGoSleepTimeoutS
                0x08006f00       0x68 C:\Users\Luczia\AppData\Local\Temp\ccR5fkkO.ltrans1.ltrans.o
 *fill*         0x08006f68        0x8 
 .text.chSchWakeupS
                0x08006f70       0xa4 C:\Users\Luczia\AppData\Local\Temp\ccR5fkkO.ltrans1.ltrans.o
 *fill*         0x08007014        0xc 
 .text.chSchRescheduleS
                0x08007020       0x18 C:\Users\Luczia\AppData\Local\Temp\ccR5fkkO.ltrans1.ltrans.o
 *fill*         0x08007038        0x8 
 .text.chSchIsPreemptionRequired
                0x08007040       0x2c C:\Users\Luczia\AppData\Local\Temp\ccR5fkkO.ltrans1.ltrans.o
 *fill*         0x0800706c        0x4 
 .text.chSchDoRescheduleAhead
                0x08007070       0x6c C:\Users\Luczia\AppData\Local\Temp\ccR5fkkO.ltrans1.ltrans.o
 *fill*         0x080070dc        0x4 
 .text.chSchDoReschedule
                0x080070e0       0x6c C:\Users\Luczia\AppData\Local\Temp\ccR5fkkO.ltrans1.ltrans.o
                0x080070e0                chSchDoReschedule
 *fill*         0x0800714c        0x4 
 .text.port_lock.lto_priv.302
                0x08007150       0x10 C:\Users\Luczia\AppData\Local\Temp\ccR5fkkO.ltrans1.ltrans.o
 .text.port_unlock.lto_priv.261
                0x08007160       0x10 C:\Users\Luczia\AppData\Local\Temp\ccR5fkkO.ltrans1.ltrans.o
 .text.list_init
                0x08007170       0x10 C:\Users\Luczia\AppData\Local\Temp\ccR5fkkO.ltrans1.ltrans.o
 .text.list_notempty
                0x08007180       0x1c C:\Users\Luczia\AppData\Local\Temp\ccR5fkkO.ltrans1.ltrans.o
 *fill*         0x0800719c        0x4 
 .text.queue_init.lto_priv.593
                0x080071a0       0x14 C:\Users\Luczia\AppData\Local\Temp\ccR5fkkO.ltrans1.ltrans.o
 *fill*         0x080071b4        0xc 
 .text.queue_notempty.lto_priv.613
                0x080071c0       0x1c C:\Users\Luczia\AppData\Local\Temp\ccR5fkkO.ltrans1.ltrans.o
 *fill*         0x080071dc        0x4 
 .text.list_remove
                0x080071e0       0x1c C:\Users\Luczia\AppData\Local\Temp\ccR5fkkO.ltrans1.ltrans.o
 *fill*         0x080071fc        0x4 
 .text.queue_insert.lto_priv.604
                0x08007200       0x28 C:\Users\Luczia\AppData\Local\Temp\ccR5fkkO.ltrans1.ltrans.o
 *fill*         0x08007228        0x8 
 .text.queue_fifo_remove.lto_priv.599
                0x08007230       0x24 C:\Users\Luczia\AppData\Local\Temp\ccR5fkkO.ltrans1.ltrans.o
 *fill*         0x08007254        0xc 
 .text.chSysLock.lto_priv.410
                0x08007260        0xc C:\Users\Luczia\AppData\Local\Temp\ccR5fkkO.ltrans1.ltrans.o
 *fill*         0x0800726c        0x4 
 .text.chSysUnlock.lto_priv.377
                0x08007270       0x34 C:\Users\Luczia\AppData\Local\Temp\ccR5fkkO.ltrans1.ltrans.o
 *fill*         0x080072a4        0xc 
 .text.chThdGetWorkingAreaX.lto_priv.626
                0x080072b0       0x10 C:\Users\Luczia\AppData\Local\Temp\ccR5fkkO.ltrans1.ltrans.o
 .text.chThdSleepS
                0x080072c0       0x24 C:\Users\Luczia\AppData\Local\Temp\ccR5fkkO.ltrans1.ltrans.o
 *fill*         0x080072e4        0xc 
 .text.chThdDoDequeueNextI
                0x080072f0       0x50 C:\Users\Luczia\AppData\Local\Temp\ccR5fkkO.ltrans1.ltrans.o
 .text._thread_init
                0x08007340       0x80 C:\Users\Luczia\AppData\Local\Temp\ccR5fkkO.ltrans1.ltrans.o
 .text._thread_memfill
                0x080073c0       0x28 C:\Users\Luczia\AppData\Local\Temp\ccR5fkkO.ltrans1.ltrans.o
 *fill*         0x080073e8        0x8 
 .text.chThdCreateSuspendedI
                0x080073f0       0xc0 C:\Users\Luczia\AppData\Local\Temp\ccR5fkkO.ltrans1.ltrans.o
 .text.chThdCreate
                0x080074b0       0x54 C:\Users\Luczia\AppData\Local\Temp\ccR5fkkO.ltrans1.ltrans.o
 *fill*         0x08007504        0xc 
 .text.chThdCreateStatic
                0x08007510       0xc4 C:\Users\Luczia\AppData\Local\Temp\ccR5fkkO.ltrans1.ltrans.o
                0x08007510                chThdCreateStatic
 *fill*         0x080075d4        0xc 
 .text.chThdRelease
                0x080075e0       0x9c C:\Users\Luczia\AppData\Local\Temp\ccR5fkkO.ltrans1.ltrans.o
 *fill*         0x0800767c        0x4 
 .text.chThdExit
                0x08007680       0x18 C:\Users\Luczia\AppData\Local\Temp\ccR5fkkO.ltrans1.ltrans.o
                0x08007680                chThdExit
 *fill*         0x08007698        0x8 
 .text.chThdExitS
                0x080076a0       0x7c C:\Users\Luczia\AppData\Local\Temp\ccR5fkkO.ltrans1.ltrans.o
 *fill*         0x0800771c        0x4 
 .text.chThdSleep
                0x08007720       0x1c C:\Users\Luczia\AppData\Local\Temp\ccR5fkkO.ltrans1.ltrans.o
                0x08007720                chThdSleep
 *fill*         0x0800773c        0x4 
 .text.chThdEnqueueTimeoutS
                0x08007740       0x38 C:\Users\Luczia\AppData\Local\Temp\ccR5fkkO.ltrans1.ltrans.o
 *fill*         0x08007778        0x8 
 .text.chThdDequeueNextI
                0x08007780       0x24 C:\Users\Luczia\AppData\Local\Temp\ccR5fkkO.ltrans1.ltrans.o
 *fill*         0x080077a4        0xc 
 .text.chThdDequeueAllI
                0x080077b0       0x24 C:\Users\Luczia\AppData\Local\Temp\ccR5fkkO.ltrans1.ltrans.o
 *fill*         0x080077d4        0xc 
 .text.port_rt_get_counter_value.lto_priv.630
                0x080077e0        0xc C:\Users\Luczia\AppData\Local\Temp\ccR5fkkO.ltrans1.ltrans.o
 *fill*         0x080077ec        0x4 
 .text.tm_stop  0x080077f0       0x74 C:\Users\Luczia\AppData\Local\Temp\ccR5fkkO.ltrans1.ltrans.o
 *fill*         0x08007864        0xc 
 .text._tm_init
                0x08007870       0x38 C:\Users\Luczia\AppData\Local\Temp\ccR5fkkO.ltrans1.ltrans.o
 *fill*         0x080078a8        0x8 
 .text.chTMObjectInit
                0x080078b0       0x34 C:\Users\Luczia\AppData\Local\Temp\ccR5fkkO.ltrans1.ltrans.o
 *fill*         0x080078e4        0xc 
 .text.chTMStartMeasurementX
                0x080078f0       0x18 C:\Users\Luczia\AppData\Local\Temp\ccR5fkkO.ltrans1.ltrans.o
 *fill*         0x08007908        0x8 
 .text.chTMStopMeasurementX
                0x08007910       0x24 C:\Users\Luczia\AppData\Local\Temp\ccR5fkkO.ltrans1.ltrans.o
 *fill*         0x08007934        0xc 
 .text.port_lock.lto_priv.303
                0x08007940       0x10 C:\Users\Luczia\AppData\Local\Temp\ccR5fkkO.ltrans1.ltrans.o
 .text.port_unlock.lto_priv.262
                0x08007950       0x10 C:\Users\Luczia\AppData\Local\Temp\ccR5fkkO.ltrans1.ltrans.o
 .text.chSysLock.lto_priv.411
                0x08007960        0xc C:\Users\Luczia\AppData\Local\Temp\ccR5fkkO.ltrans1.ltrans.o
 *fill*         0x0800796c        0x4 
 .text.chSysUnlock.lto_priv.378
                0x08007970       0x34 C:\Users\Luczia\AppData\Local\Temp\ccR5fkkO.ltrans1.ltrans.o
 *fill*         0x080079a4        0xc 
 .text.chThdGetWorkingAreaX.lto_priv.627
                0x080079b0       0x10 C:\Users\Luczia\AppData\Local\Temp\ccR5fkkO.ltrans1.ltrans.o
 .text.chRegFirstThread
                0x080079c0       0x30 C:\Users\Luczia\AppData\Local\Temp\ccR5fkkO.ltrans1.ltrans.o
 .text.chRegNextThread
                0x080079f0       0x5c C:\Users\Luczia\AppData\Local\Temp\ccR5fkkO.ltrans1.ltrans.o
 *fill*         0x08007a4c        0x4 
 .text.chRegFindThreadByWorkingArea
                0x08007a50       0x38 C:\Users\Luczia\AppData\Local\Temp\ccR5fkkO.ltrans1.ltrans.o
 *fill*         0x08007a88        0x8 
 .text.port_lock.lto_priv.305
                0x08007a90       0x10 C:\Users\Luczia\AppData\Local\Temp\ccR5fkkO.ltrans1.ltrans.o
 .text.port_unlock.lto_priv.264
                0x08007aa0       0x10 C:\Users\Luczia\AppData\Local\Temp\ccR5fkkO.ltrans1.ltrans.o
 .text.queue_init.lto_priv.595
                0x08007ab0       0x14 C:\Users\Luczia\AppData\Local\Temp\ccR5fkkO.ltrans1.ltrans.o
 *fill*         0x08007ac4        0xc 
 .text.queue_notempty.lto_priv.615
                0x08007ad0       0x1c C:\Users\Luczia\AppData\Local\Temp\ccR5fkkO.ltrans1.ltrans.o
 *fill*         0x08007aec        0x4 
 .text.queue_prio_insert.lto_priv.611
                0x08007af0       0x44 C:\Users\Luczia\AppData\Local\Temp\ccR5fkkO.ltrans1.ltrans.o
 *fill*         0x08007b34        0xc 
 .text.queue_fifo_remove.lto_priv.601
                0x08007b40       0x24 C:\Users\Luczia\AppData\Local\Temp\ccR5fkkO.ltrans1.ltrans.o
 *fill*         0x08007b64        0xc 
 .text.queue_dequeue.lto_priv.620
                0x08007b70       0x20 C:\Users\Luczia\AppData\Local\Temp\ccR5fkkO.ltrans1.ltrans.o
 .text.chSysLock.lto_priv.413
                0x08007b90        0xc C:\Users\Luczia\AppData\Local\Temp\ccR5fkkO.ltrans1.ltrans.o
 *fill*         0x08007b9c        0x4 
 .text.chSysUnlock.lto_priv.380
                0x08007ba0       0x34 C:\Users\Luczia\AppData\Local\Temp\ccR5fkkO.ltrans1.ltrans.o
 *fill*         0x08007bd4        0xc 
 .text.chMtxQueueNotEmptyS
                0x08007be0       0x1c C:\Users\Luczia\AppData\Local\Temp\ccR5fkkO.ltrans1.ltrans.o
 *fill*         0x08007bfc        0x4 
 .text.chMtxObjectInit
                0x08007c00       0x2c C:\Users\Luczia\AppData\Local\Temp\ccR5fkkO.ltrans1.ltrans.o
 *fill*         0x08007c2c        0x4 
 .text.chMtxLock
                0x08007c30       0x1c C:\Users\Luczia\AppData\Local\Temp\ccR5fkkO.ltrans1.ltrans.o
 *fill*         0x08007c4c        0x4 
 .text.chMtxLockS
                0x08007c50       0xfc C:\Users\Luczia\AppData\Local\Temp\ccR5fkkO.ltrans1.ltrans.o
 *fill*         0x08007d4c        0x4 
 .text.chMtxUnlock
                0x08007d50       0xe4 C:\Users\Luczia\AppData\Local\Temp\ccR5fkkO.ltrans1.ltrans.o
 *fill*         0x08007e34        0xc 
 .text.chEvtBroadcastFlagsI
                0x08007e40       0x68 C:\Users\Luczia\AppData\Local\Temp\ccR5fkkO.ltrans1.ltrans.o
 *fill*         0x08007ea8        0x8 
 .text.chEvtSignalI
                0x08007eb0       0x70 C:\Users\Luczia\AppData\Local\Temp\ccR5fkkO.ltrans1.ltrans.o
 .text.port_lock.lto_priv.311
                0x08007f20       0x10 C:\Users\Luczia\AppData\Local\Temp\ccR5fkkO.ltrans1.ltrans.o
 .text.port_unlock.lto_priv.270
                0x08007f30       0x10 C:\Users\Luczia\AppData\Local\Temp\ccR5fkkO.ltrans1.ltrans.o
 .text.chSysLock.lto_priv.419
                0x08007f40        0xc C:\Users\Luczia\AppData\Local\Temp\ccR5fkkO.ltrans1.ltrans.o
 *fill*         0x08007f4c        0x4 
 .text.chSysUnlock.lto_priv.386
                0x08007f50       0x34 C:\Users\Luczia\AppData\Local\Temp\ccR5fkkO.ltrans1.ltrans.o
 *fill*         0x08007f84        0xc 
 .text._core_init
                0x08007f90       0x1c C:\Users\Luczia\AppData\Local\Temp\ccR5fkkO.ltrans1.ltrans.o
 *fill*         0x08007fac        0x4 
 .text.chCoreAllocAlignedWithOffsetI
                0x08007fb0       0x88 C:\Users\Luczia\AppData\Local\Temp\ccR5fkkO.ltrans1.ltrans.o
 *fill*         0x08008038        0x8 
 .text.chCoreAllocAlignedWithOffset
                0x08008040       0x28 C:\Users\Luczia\AppData\Local\Temp\ccR5fkkO.ltrans1.ltrans.o
 *fill*         0x08008068        0x8 
 .text._heap_init
                0x08008070       0x28 C:\Users\Luczia\AppData\Local\Temp\ccR5fkkO.ltrans1.ltrans.o
 *fill*         0x08008098        0x8 
 .text.chHeapFree
                0x080080a0      0x110 C:\Users\Luczia\AppData\Local\Temp\ccR5fkkO.ltrans1.ltrans.o
                0x080080a0                chHeapFree
 .text.port_lock.lto_priv.312
                0x080081b0       0x10 C:\Users\Luczia\AppData\Local\Temp\ccR5fkkO.ltrans1.ltrans.o
 .text.port_unlock.lto_priv.271
                0x080081c0       0x10 C:\Users\Luczia\AppData\Local\Temp\ccR5fkkO.ltrans1.ltrans.o
 .text.chSysLock.lto_priv.420
                0x080081d0        0xc C:\Users\Luczia\AppData\Local\Temp\ccR5fkkO.ltrans1.ltrans.o
 *fill*         0x080081dc        0x4 
 .text.chSysUnlock.lto_priv.387
                0x080081e0       0x34 C:\Users\Luczia\AppData\Local\Temp\ccR5fkkO.ltrans1.ltrans.o
 *fill*         0x08008214        0xc 
 .text.chPoolObjectInitAligned
                0x08008220       0x58 C:\Users\Luczia\AppData\Local\Temp\ccR5fkkO.ltrans1.ltrans.o
                0x08008220                chPoolObjectInitAligned
 *fill*         0x08008278        0x8 
 .text.chPoolFreeI
                0x08008280       0x48 C:\Users\Luczia\AppData\Local\Temp\ccR5fkkO.ltrans1.ltrans.o
 *fill*         0x080082c8        0x8 
 .text.chPoolFree
                0x080082d0       0x20 C:\Users\Luczia\AppData\Local\Temp\ccR5fkkO.ltrans1.ltrans.o
                0x080082d0                chPoolFree
 .text.chCoreAllocAlignedI
                0x080082f0       0x1c C:\Users\Luczia\AppData\Local\Temp\ccR5fkkO.ltrans1.ltrans.o
 *fill*         0x0800830c        0x4 
 .text.chPoolObjectInit.lto_priv.467
                0x08008310       0x1c C:\Users\Luczia\AppData\Local\Temp\ccR5fkkO.ltrans1.ltrans.o
 *fill*         0x0800832c        0x4 
 .text.dyn_list_init
                0x08008330       0x10 C:\Users\Luczia\AppData\Local\Temp\ccR5fkkO.ltrans1.ltrans.o
 .text._factory_init
                0x08008340       0x6c C:\Users\Luczia\AppData\Local\Temp\ccR5fkkO.ltrans1.ltrans.o
 *fill*         0x080083ac        0x4 
 .text.port_lock.lto_priv.314
                0x080083b0       0x10 C:\Users\Luczia\AppData\Local\Temp\ccR5fkkO.ltrans1.ltrans.o
 .text.port_unlock.lto_priv.273
                0x080083c0       0x10 C:\Users\Luczia\AppData\Local\Temp\ccR5fkkO.ltrans1.ltrans.o
 .text.port_lock_from_isr.lto_priv.556
                0x080083d0        0x8 C:\Users\Luczia\AppData\Local\Temp\ccR5fkkO.ltrans1.ltrans.o
 *fill*         0x080083d8        0x8 
 .text.port_unlock_from_isr.lto_priv.544
                0x080083e0        0x8 C:\Users\Luczia\AppData\Local\Temp\ccR5fkkO.ltrans1.ltrans.o
 *fill*         0x080083e8        0x8 
 .text.SVC_Handler
                0x080083f0       0x28 C:\Users\Luczia\AppData\Local\Temp\ccR5fkkO.ltrans1.ltrans.o
                0x080083f0                SVC_Handler
 *fill*         0x08008418        0x8 
 .text._port_irq_epilogue
                0x08008420       0x68 C:\Users\Luczia\AppData\Local\Temp\ccR5fkkO.ltrans1.ltrans.o
 .text.memset   0x08008488       0x94 c:/chibistudio/tools/gnu tools arm embedded/7.0 2017q4/bin/../lib/gcc/arm-none-eabi/7.2.1/../../../../arm-none-eabi/lib/thumb/v7e-m\libg.a(lib_a-memset.o)
                0x08008488                memset
 *(.glue_7t)
 .glue_7t       0x0800851c        0x0 linker stubs
 *(.glue_7)
 .glue_7        0x0800851c        0x0 linker stubs
 *(.gcc*)
                0x0800851c                __text_end = .

.vfp11_veneer   0x0800851c        0x0
 .vfp11_veneer  0x0800851c        0x0 linker stubs

.v4_bx          0x0800851c        0x0
 .v4_bx         0x0800851c        0x0 linker stubs

.iplt           0x0800851c        0x0
 .iplt          0x0800851c        0x0 ./build/obj/crt0_v7m.o

.rodata         0x0800851c     0x14bc
                0x0800851c                __rodata_base__ = .
 *(.rodata)
 .rodata        0x0800851c       0xff C:\Users\Luczia\AppData\Local\Temp\ccR5fkkO.ltrans0.ltrans.o
 *(.rodata.*)
 *fill*         0x0800861b        0x1 
 .rodata.ram_areas.lto_priv.756
                0x0800861c       0x80 C:\Users\Luczia\AppData\Local\Temp\ccR5fkkO.ltrans0.ltrans.o
                0x0800861c                ram_areas.lto_priv.756
 .rodata.__func__.8255.lto_priv.755
                0x0800869c        0xd C:\Users\Luczia\AppData\Local\Temp\ccR5fkkO.ltrans0.ltrans.o
                0x0800869c                __func__.8255.lto_priv.755
 *fill*         0x080086a9        0x3 
 .rodata.__func__.8262.lto_priv.754
                0x080086ac        0xb C:\Users\Luczia\AppData\Local\Temp\ccR5fkkO.ltrans0.ltrans.o
                0x080086ac                __func__.8262.lto_priv.754
 *fill*         0x080086b7        0x1 
 .rodata.__func__.8659.lto_priv.753
                0x080086b8        0xe C:\Users\Luczia\AppData\Local\Temp\ccR5fkkO.ltrans0.ltrans.o
                0x080086b8                __func__.8659.lto_priv.753
 *fill*         0x080086c6        0x2 
 .rodata.__func__.8670.lto_priv.752
                0x080086c8       0x13 C:\Users\Luczia\AppData\Local\Temp\ccR5fkkO.ltrans0.ltrans.o
                0x080086c8                __func__.8670.lto_priv.752
 *fill*         0x080086db        0x1 
 .rodata.__func__.6410.lto_priv.109
                0x080086dc        0xc C:\Users\Luczia\AppData\Local\Temp\ccR5fkkO.ltrans0.ltrans.o
                0x080086dc                __func__.6410.lto_priv.109
 .rodata.__func__.8684.lto_priv.751
                0x080086e8       0x19 C:\Users\Luczia\AppData\Local\Temp\ccR5fkkO.ltrans0.ltrans.o
                0x080086e8                __func__.8684.lto_priv.751
 *fill*         0x08008701        0x3 
 .rodata.__func__.8691.lto_priv.750
                0x08008704       0x17 C:\Users\Luczia\AppData\Local\Temp\ccR5fkkO.ltrans0.ltrans.o
                0x08008704                __func__.8691.lto_priv.750
 *fill*         0x0800871b        0x1 
 .rodata.__func__.8704.lto_priv.194
                0x0800871c        0xf C:\Users\Luczia\AppData\Local\Temp\ccR5fkkO.ltrans0.ltrans.o
                0x0800871c                __func__.8704.lto_priv.194
 *fill*         0x0800872b        0x1 
 .rodata.__func__.8717.lto_priv.749
                0x0800872c        0xe C:\Users\Luczia\AppData\Local\Temp\ccR5fkkO.ltrans0.ltrans.o
                0x0800872c                __func__.8717.lto_priv.749
 *fill*         0x0800873a        0x2 
 .rodata.__func__.8728.lto_priv.211
                0x0800873c       0x17 C:\Users\Luczia\AppData\Local\Temp\ccR5fkkO.ltrans0.ltrans.o
                0x0800873c                __func__.8728.lto_priv.211
 *fill*         0x08008753        0x1 
 .rodata.__func__.8742.lto_priv.748
                0x08008754       0x1a C:\Users\Luczia\AppData\Local\Temp\ccR5fkkO.ltrans0.ltrans.o
                0x08008754                __func__.8742.lto_priv.748
 *fill*         0x0800876e        0x2 
 .rodata.__func__.8751.lto_priv.747
                0x08008770       0x13 C:\Users\Luczia\AppData\Local\Temp\ccR5fkkO.ltrans0.ltrans.o
                0x08008770                __func__.8751.lto_priv.747
 *fill*         0x08008783        0x1 
 .rodata.__func__.8765.lto_priv.746
                0x08008784       0x10 C:\Users\Luczia\AppData\Local\Temp\ccR5fkkO.ltrans0.ltrans.o
                0x08008784                __func__.8765.lto_priv.746
 .rodata.__func__.8657.lto_priv.739
                0x08008794        0x8 C:\Users\Luczia\AppData\Local\Temp\ccR5fkkO.ltrans0.ltrans.o
                0x08008794                __func__.8657.lto_priv.739
 .rodata.__func__.8665.lto_priv.738
                0x0800879c        0x9 C:\Users\Luczia\AppData\Local\Temp\ccR5fkkO.ltrans0.ltrans.o
                0x0800879c                __func__.8665.lto_priv.738
 *fill*         0x080087a5        0x3 
 .rodata.__func__.6410.lto_priv.110
                0x080087a8        0xc C:\Users\Luczia\AppData\Local\Temp\ccR5fkkO.ltrans0.ltrans.o
                0x080087a8                __func__.6410.lto_priv.110
 .rodata.__func__.8708.lto_priv.737
                0x080087b4        0xe C:\Users\Luczia\AppData\Local\Temp\ccR5fkkO.ltrans0.ltrans.o
                0x080087b4                __func__.8708.lto_priv.737
 *fill*         0x080087c2        0x2 
 .rodata.__func__.8759.lto_priv.736
                0x080087c4        0xf C:\Users\Luczia\AppData\Local\Temp\ccR5fkkO.ltrans0.ltrans.o
                0x080087c4                __func__.8759.lto_priv.736
 *fill*         0x080087d3        0x1 
 .rodata.vmt.lto_priv.122
                0x080087d4       0x28 C:\Users\Luczia\AppData\Local\Temp\ccR5fkkO.ltrans0.ltrans.o
                0x080087d4                vmt.lto_priv.122
 .rodata.__func__.8293.lto_priv.190
                0x080087fc        0x5 C:\Users\Luczia\AppData\Local\Temp\ccR5fkkO.ltrans0.ltrans.o
                0x080087fc                __func__.8293.lto_priv.190
 *fill*         0x08008801        0x3 
 .rodata.__func__.8320.lto_priv.730
                0x08008804       0x10 C:\Users\Luczia\AppData\Local\Temp\ccR5fkkO.ltrans0.ltrans.o
                0x08008804                __func__.8320.lto_priv.730
 .rodata.vmt.lto_priv.123
                0x08008814       0x28 C:\Users\Luczia\AppData\Local\Temp\ccR5fkkO.ltrans0.ltrans.o
                0x08008814                vmt.lto_priv.123
 .rodata.__func__.8298.lto_priv.723
                0x0800883c        0x5 C:\Users\Luczia\AppData\Local\Temp\ccR5fkkO.ltrans0.ltrans.o
                0x0800883c                __func__.8298.lto_priv.723
 *fill*         0x08008841        0x3 
 .rodata.__func__.8314.lto_priv.722
                0x08008844        0x9 C:\Users\Luczia\AppData\Local\Temp\ccR5fkkO.ltrans0.ltrans.o
                0x08008844                __func__.8314.lto_priv.722
 *fill*         0x0800884d        0x3 
 .rodata.__func__.8326.lto_priv.201
                0x08008850        0x9 C:\Users\Luczia\AppData\Local\Temp\ccR5fkkO.ltrans0.ltrans.o
                0x08008850                __func__.8326.lto_priv.201
 *fill*         0x08008859        0x3 
 .rodata.__func__.6009.lto_priv.4
                0x0800885c        0xc C:\Users\Luczia\AppData\Local\Temp\ccR5fkkO.ltrans0.ltrans.o
                0x0800885c                __func__.6009.lto_priv.4
 .rodata.__func__.8353.lto_priv.196
                0x08008868        0xc C:\Users\Luczia\AppData\Local\Temp\ccR5fkkO.ltrans0.ltrans.o
                0x08008868                __func__.8353.lto_priv.196
 .rodata.zero_status.lto_priv.707
                0x08008874        0x2 C:\Users\Luczia\AppData\Local\Temp\ccR5fkkO.ltrans0.ltrans.o
                0x08008874                zero_status.lto_priv.707
 *fill*         0x08008876        0x2 
 .rodata.active_status.lto_priv.709
                0x08008878        0x2 C:\Users\Luczia\AppData\Local\Temp\ccR5fkkO.ltrans0.ltrans.o
                0x08008878                active_status.lto_priv.709
 *fill*         0x0800887a        0x2 
 .rodata.halted_status.lto_priv.708
                0x0800887c        0x2 C:\Users\Luczia\AppData\Local\Temp\ccR5fkkO.ltrans0.ltrans.o
                0x0800887c                halted_status.lto_priv.708
 *fill*         0x0800887e        0x2 
 .rodata.__func__.8706.lto_priv.706
                0x08008880        0x9 C:\Users\Luczia\AppData\Local\Temp\ccR5fkkO.ltrans0.ltrans.o
                0x08008880                __func__.8706.lto_priv.706
 *fill*         0x08008889        0x3 
 .rodata.__func__.6410.lto_priv.111
                0x0800888c        0xc C:\Users\Luczia\AppData\Local\Temp\ccR5fkkO.ltrans0.ltrans.o
                0x0800888c                __func__.6410.lto_priv.111
 .rodata.__func__.8723.lto_priv.704
                0x08008898       0x11 C:\Users\Luczia\AppData\Local\Temp\ccR5fkkO.ltrans0.ltrans.o
                0x08008898                __func__.8723.lto_priv.704
 *fill*         0x080088a9        0x3 
 .rodata.__func__.8728.lto_priv.212
                0x080088ac       0x15 C:\Users\Luczia\AppData\Local\Temp\ccR5fkkO.ltrans0.ltrans.o
                0x080088ac                __func__.8728.lto_priv.212
 *fill*         0x080088c1        0x3 
 .rodata.__func__.8739.lto_priv.703
                0x080088c4       0x11 C:\Users\Luczia\AppData\Local\Temp\ccR5fkkO.ltrans0.ltrans.o
                0x080088c4                __func__.8739.lto_priv.703
 *fill*         0x080088d5        0x3 
 .rodata.__func__.8747.lto_priv.702
                0x080088d8       0x12 C:\Users\Luczia\AppData\Local\Temp\ccR5fkkO.ltrans0.ltrans.o
                0x080088d8                __func__.8747.lto_priv.702
 *fill*         0x080088ea        0x2 
 .rodata.__func__.8790.lto_priv.699
                0x080088ec        0xb C:\Users\Luczia\AppData\Local\Temp\ccR5fkkO.ltrans0.ltrans.o
                0x080088ec                __func__.8790.lto_priv.699
 *fill*         0x080088f7        0x1 
 .rodata.__func__.8804.lto_priv.698
                0x080088f8        0xc C:\Users\Luczia\AppData\Local\Temp\ccR5fkkO.ltrans0.ltrans.o
                0x080088f8                __func__.8804.lto_priv.698
 .rodata._stm32_dma_streams
                0x08008904       0xc0 C:\Users\Luczia\AppData\Local\Temp\ccR5fkkO.ltrans0.ltrans.o
                0x08008904                _stm32_dma_streams
 .rodata.__func__.8261.lto_priv.696
                0x080089c4        0x9 C:\Users\Luczia\AppData\Local\Temp\ccR5fkkO.ltrans0.ltrans.o
                0x080089c4                __func__.8261.lto_priv.696
 *fill*         0x080089cd        0x3 
 .rodata.__func__.8266.lto_priv.182
                0x080089d0        0x9 C:\Users\Luczia\AppData\Local\Temp\ccR5fkkO.ltrans0.ltrans.o
                0x080089d0                __func__.8266.lto_priv.182
 *fill*         0x080089d9        0x3 
 .rodata.__func__.8271.lto_priv.210
                0x080089dc        0x9 C:\Users\Luczia\AppData\Local\Temp\ccR5fkkO.ltrans0.ltrans.o
                0x080089dc                __func__.8271.lto_priv.210
 *fill*         0x080089e5        0x3 
 .rodata.__func__.8276.lto_priv.208
                0x080089e8        0x9 C:\Users\Luczia\AppData\Local\Temp\ccR5fkkO.ltrans0.ltrans.o
                0x080089e8                __func__.8276.lto_priv.208
 *fill*         0x080089f1        0x3 
 .rodata.__func__.8281.lto_priv.695
                0x080089f4        0x9 C:\Users\Luczia\AppData\Local\Temp\ccR5fkkO.ltrans0.ltrans.o
                0x080089f4                __func__.8281.lto_priv.695
 *fill*         0x080089fd        0x3 
 .rodata.__func__.8286.lto_priv.694
                0x08008a00        0x9 C:\Users\Luczia\AppData\Local\Temp\ccR5fkkO.ltrans0.ltrans.o
                0x08008a00                __func__.8286.lto_priv.694
 *fill*         0x08008a09        0x3 
 .rodata.__func__.8291.lto_priv.693
                0x08008a0c        0x9 C:\Users\Luczia\AppData\Local\Temp\ccR5fkkO.ltrans0.ltrans.o
                0x08008a0c                __func__.8291.lto_priv.693
 *fill*         0x08008a15        0x3 
 .rodata.__func__.8296.lto_priv.692
                0x08008a18        0x9 C:\Users\Luczia\AppData\Local\Temp\ccR5fkkO.ltrans0.ltrans.o
                0x08008a18                __func__.8296.lto_priv.692
 *fill*         0x08008a21        0x3 
 .rodata.__func__.8301.lto_priv.691
                0x08008a24        0xa C:\Users\Luczia\AppData\Local\Temp\ccR5fkkO.ltrans0.ltrans.o
                0x08008a24                __func__.8301.lto_priv.691
 *fill*         0x08008a2e        0x2 
 .rodata.__func__.8306.lto_priv.690
                0x08008a30        0xa C:\Users\Luczia\AppData\Local\Temp\ccR5fkkO.ltrans0.ltrans.o
                0x08008a30                __func__.8306.lto_priv.690
 *fill*         0x08008a3a        0x2 
 .rodata.__func__.8311.lto_priv.206